{"mInfo":
     {"finds": [], "givens": [], "enumGivens": [], "enumLettings": [], "lettings": [], "unnameds": [],
      "strategyQ": {"Auto": {"Interactive": []}}, "strategyA": {"Auto": {"Interactive": []}}, "trailCompact": [],
      "nameGenState": [], "nbExtraGivens": 0, "representations": [], "representationsTree": [], "originalDomains": [],
      "trailGeneralised": [], "trailVerbose": [], "trailRewrites": []},
 "mLanguage": {"language": {"Name": "Essence"}, "version": [1, 3]},
 "mStatements":
     [{"Declaration":
           {"Letting":
                [{"Name": "given1"},
                 {"Constant":
                      {"ConstantAbstract":
                           {"AbsLitPartition": [[{"ConstantBool": false}], [{"ConstantBool": true}]]}}}]}},
      {"Declaration":
           {"Letting":
                [{"Name": "given2"},
                 {"Constant":
                      {"ConstantAbstract":
                           {"AbsLitFunction":
                                [[{"ConstantInt": [{"TagInt": []}, 2]}, {"ConstantBool": false}],
                                 [{"ConstantInt": [{"TagInt": []}, 5]}, {"ConstantBool": true}]]}}}]}}]}