{"mInfo":
     {"finds": [], "givens": [], "enumGivens": [], "enumLettings": [], "lettings": [], "unnameds": [],
      "strategyQ": {"Auto": {"Interactive": []}}, "strategyA": {"Auto": {"Interactive": []}}, "trailCompact": [],
      "nameGenState": [], "nbExtraGivens": 0, "representations": [], "representationsTree": [], "originalDomains": [],
      "trailGeneralised": [], "trailVerbose": [], "trailRewrites": []},
 "mLanguage": {"language": {"Name": "Essence"}, "version": [1, 3]},
 "mStatements":
     [{"Declaration":
           {"FindOrGiven":
                ["Find", {"Name": "var3"},
                 {"DomainFunction":
                      [[],
                       [{"SizeAttr_MaxSize":
                             {"Op":
                                  {"MkOpMod":
                                       [{"Constant": {"ConstantInt": [{"TagInt": []}, 0]}},
                                        {"Constant": {"ConstantInt": [{"TagInt": []}, 4]}}]}}},
                        "PartialityAttr_Partial", "JectivityAttr_Bijective"],
                       {"DomainFunction":
                            [[],
                             [{"SizeAttr_MinSize": {"Constant": {"ConstantInt": [{"TagInt": []}, 5]}}},
                              "PartialityAttr_Total", "JectivityAttr_Bijective"],
                             {"DomainBool": []}, {"DomainBool": []}]},
                       {"DomainSet":
                            [[], {"SizeAttr_MinSize": {"Constant": {"ConstantInt": [{"TagInt": []}, 3]}}},
                             {"DomainBool": []}]}]}]}}]}