{"mInfo":
     {"finds": [], "givens": [], "enumGivens": [], "enumLettings": [], "lettings": [], "unnameds": [],
      "strategyQ": {"Auto": {"Interactive": []}}, "strategyA": {"Auto": {"Interactive": []}}, "trailCompact": [],
      "nameGenState": [], "nbExtraGivens": 0, "representations": [], "representationsTree": [], "originalDomains": [],
      "trailGeneralised": [], "trailVerbose": [], "trailRewrites": []},
 "mLanguage": {"language": {"Name": "ESSENCE'"}, "version": [1, 0]},
 "mStatements":
     [{"Declaration":
           {"Letting":
                [{"Name": "var3_ExplicitVarSizeWithMarker_Marker"},
                 {"Constant": {"ConstantInt": [{"TagInt": []}, 0]}}]}},
      {"Declaration":
           {"Letting":
                [{"Name": "var3_ExplicitVarSizeWithMarker_Values_ExplicitVarSizeWithFlags_Flags"},
                 {"Typed":
                      [{"Constant":
                            {"ConstantAbstract":
                                 {"AbsLitMatrix":
                                      [{"DomainInt":
                                            [{"TagInt": []},
                                             [{"RangeBounded":
                                                   [{"ConstantInt": [{"TagInt": []}, 1]},
                                                    {"ConstantInt": [{"TagInt": []}, 0]}]}]]},
                                       []]}}},
                       {"TypeMatrix":
                            [{"TypeInt": {"TagInt": []}},
                             {"TypeMatrix": [{"TypeInt": {"TagInt": []}}, {"TypeInt": {"TagInt": []}}]}]}]}]}},
      {"Declaration":
           {"Letting":
                [{"Name": "var3_ExplicitVarSizeWithMarker_Values_ExplicitVarSizeWithFlags_Values"},
                 {"Typed":
                      [{"Constant":
                            {"ConstantAbstract":
                                 {"AbsLitMatrix":
                                      [{"DomainInt":
                                            [{"TagInt": []},
                                             [{"RangeBounded":
                                                   [{"ConstantInt": [{"TagInt": []}, 1]},
                                                    {"ConstantInt": [{"TagInt": []}, 0]}]}]]},
                                       []]}}},
                       {"TypeMatrix":
                            [{"TypeInt": {"TagInt": []}},
                             {"TypeMatrix": [{"TypeInt": {"TagInt": []}}, {"TypeBool": []}]}]}]}]}}]}