{"mInfo":
     {"finds": [], "givens": [], "enumGivens": [], "enumLettings": [], "lettings": [], "unnameds": [],
      "strategyQ": {"Auto": {"Interactive": []}}, "strategyA": {"Auto": {"Interactive": []}}, "trailCompact": [],
      "nameGenState": [], "nbExtraGivens": 0, "representations": [], "representationsTree": [], "originalDomains": [],
      "trailGeneralised": [], "trailVerbose": [], "trailRewrites": []},
 "mLanguage": {"language": {"Name": "Essence"}, "version": [1, 3]},
 "mStatements":
     [{"Declaration": {"FindOrGiven": ["Find", {"Name": "var3"}, {"DomainBool": []}]}},
      {"SuchThat":
           [{"Op":
                 {"MkOpApart":
                      [{"AbstractLiteral":
                            {"AbsLitSet":
                                 [{"Typed":
                                       [{"Constant":
                                             {"ConstantAbstract":
                                                  {"AbsLitMatrix":
                                                       [{"DomainInt":
                                                             [{"TagInt": []},
                                                              [{"RangeBounded":
                                                                    [{"ConstantInt": [{"TagInt": []}, 1]},
                                                                     {"ConstantInt": [{"TagInt": []}, 0]}]}]]},
                                                        []]}}},
                                        {"TypeMatrix": [{"TypeInt": {"TagInt": []}}, {"TypeBool": []}]}]},
                                  {"AbstractLiteral":
                                       {"AbsLitMatrix":
                                            [{"DomainInt":
                                                  [{"TagInt": []},
                                                   [{"RangeBounded":
                                                         [{"Constant": {"ConstantInt": [{"TagInt": []}, 2]}},
                                                          {"Constant": {"ConstantInt": [{"TagInt": []}, 3]}}]}]]},
                                             [{"Reference": [{"Name": "var3"}, null]},
                                              {"Reference": [{"Name": "var3"}, null]}]]}}]}},
                       {"AbstractLiteral":
                            {"AbsLitPartition":
                                 [[{"Typed":
                                        [{"Constant":
                                              {"ConstantAbstract":
                                                   {"AbsLitMatrix":
                                                        [{"DomainInt":
                                                              [{"TagInt": []},
                                                               [{"RangeBounded":
                                                                     [{"ConstantInt": [{"TagInt": []}, 1]},
                                                                      {"ConstantInt": [{"TagInt": []}, 0]}]}]]},
                                                         []]}}},
                                         {"TypeMatrix": [{"TypeInt": {"TagInt": []}}, {"TypeBool": []}]}]}]]}}]}}]}]}