{"mInfo":
     {"finds": [], "givens": [], "enumGivens": [], "enumLettings": [], "lettings": [], "unnameds": [],
      "strategyQ": {"Auto": {"Interactive": []}}, "strategyA": {"Auto": {"Interactive": []}}, "trailCompact": [],
      "nameGenState": [], "nbExtraGivens": 0, "representations": [], "representationsTree": [], "originalDomains": [],
      "trailGeneralised": [], "trailVerbose": [], "trailRewrites": []},
 "mLanguage": {"language": {"Name": "ESSENCE'"}, "version": [1, 0]},
 "mStatements":
     [{"Declaration":
           {"FindOrGiven":
                ["Find", {"Name": "var1_ExplicitVarSizeWithFlags_Flags"},
                 {"DomainMatrix":
                      [{"DomainInt":
                            [{"TagInt": []},
                             [{"RangeBounded":
                                   [{"Constant": {"ConstantInt": [{"TagInt": []}, 1]}},
                                    {"Constant": {"ConstantInt": [{"TagInt": []}, 0]}}]}]]},
                       {"DomainBool": []}]}]}},
      {"Declaration":
           {"FindOrGiven":
                ["Find", {"Name": "var1_ExplicitVarSizeWithFlags_Values"},
                 {"DomainMatrix":
                      [{"DomainInt":
                            [{"TagInt": []},
                             [{"RangeBounded":
                                   [{"Constant": {"ConstantInt": [{"TagInt": []}, 1]}},
                                    {"Constant": {"ConstantInt": [{"TagInt": []}, 0]}}]}]]},
                       {"DomainBool": []}]}]}},
      {"Declaration": {"FindOrGiven": ["Find", {"Name": "var2"}, {"DomainBool": []}]}},
      {"Declaration":
           {"FindOrGiven":
                ["Find", {"Name": "var3_PartitionAsSet_ExplicitVarSizeWithMarker_Marker"},
                 {"DomainInt":
                      [{"TagInt": []},
                       [{"RangeBounded":
                             [{"Constant": {"ConstantInt": [{"TagInt": []}, 0]}},
                              {"Constant": {"ConstantInt": [{"TagInt": []}, 16]}}]}]]}]}},
      {"Declaration":
           {"FindOrGiven":
                ["Find", {"Name": "var3_PartitionAsSet_ExplicitVarSizeWithMarker_Values_Occurrence"},
                 {"DomainMatrix":
                      [{"DomainInt":
                            [{"TagInt": []},
                             [{"RangeBounded":
                                   [{"Constant": {"ConstantInt": [{"TagInt": []}, 1]}},
                                    {"Constant": {"ConstantInt": [{"TagInt": []}, 16]}}]}]]},
                       {"DomainMatrix":
                            [{"DomainInt":
                                  [{"TagInt": []},
                                   [{"RangeBounded":
                                         [{"Constant": {"ConstantInt": [{"TagInt": []}, 2]}},
                                          {"Constant": {"ConstantInt": [{"TagInt": []}, 4]}}]},
                                    {"RangeSingle": {"Constant": {"ConstantInt": [{"TagInt": []}, 1]}}}]]},
                             {"DomainBool": []}]}]}]}},
      {"Declaration":
           {"FindOrGiven":
                ["Find", {"Name": "var4_Function1DPartial_Flags"},
                 {"DomainMatrix": [{"DomainBool": []}, {"DomainBool": []}]}]}},
      {"Declaration":
           {"FindOrGiven":
                ["Find", {"Name": "var4_Function1DPartial_Values"},
                 {"DomainMatrix": [{"DomainBool": []}, {"DomainBool": []}]}]}},
      {"SuchThat":
           [{"Reference": [{"Name": "var2"}, null]},
            {"Op":
                 {"MkOpAnd":
                      {"Comprehension":
                           [{"Op":
                                 {"MkOpEq":
                                      [{"Constant": {"ConstantInt": [{"TagInt": []}, 1]}},
                                       {"Op":
                                            {"MkOpSum":
                                                 {"Comprehension":
                                                      [{"Op":
                                                            {"MkOpAnd":
                                                                 {"AbstractLiteral":
                                                                      {"AbsLitMatrix":
                                                                           [{"DomainInt":
                                                                                 [{"TagInt": []},
                                                                                  [{"RangeBounded":
                                                                                        [{"Constant":
                                                                                              {"ConstantInt":
                                                                                                   [{"TagInt": []},
                                                                                                    1]}},
                                                                                         {"Constant":
                                                                                              {"ConstantInt":
                                                                                                   [{"TagInt": []},
                                                                                                    2]}}]}]]},
                                                                            [{"Op":
                                                                                  {"MkOpLeq":
                                                                                       [{"Reference":
                                                                                             [{"Name": "q18"}, null]},
                                                                                        {"Reference":
                                                                                             [{"Name":
                                                                                                   "var3_PartitionAsSet_ExplicitVarSizeWithMarker_Marker"},
                                                                                              null]}]}},
                                                                             {"Op":
                                                                                  {"MkOpIndexing":
                                                                                       [{"Op":
                                                                                             {"MkOpIndexing":
                                                                                                  [{"Reference":
                                                                                                        [{"Name":
                                                                                                              "var3_PartitionAsSet_ExplicitVarSizeWithMarker_Values_Occurrence"},
                                                                                                         null]},
                                                                                                   {"Reference":
                                                                                                        [{"Name":
                                                                                                              "q18"},
                                                                                                         null]}]}},
                                                                                        {"Reference":
                                                                                             [{"Name": "q6"},
                                                                                              null]}]}}]]}}}},
                                                       [{"Generator":
                                                             {"GenDomainNoRepr":
                                                                  [{"Single": {"Name": "q18"}},
                                                                   {"DomainInt":
                                                                        [{"TagInt": []},
                                                                         [{"RangeBounded":
                                                                               [{"Constant":
                                                                                     {"ConstantInt":
                                                                                          [{"TagInt": []}, 1]}},
                                                                                {"Constant":
                                                                                     {"ConstantInt":
                                                                                          [{"TagInt": []},
                                                                                           16]}}]}]]}]}}]]}}}]}},
                            [{"Generator":
                                  {"GenDomainNoRepr":
                                       [{"Single": {"Name": "q6"}},
                                        {"DomainInt":
                                             [{"TagInt": []},
                                              [{"RangeBounded":
                                                    [{"Constant": {"ConstantInt": [{"TagInt": []}, 2]}},
                                                     {"Constant": {"ConstantInt": [{"TagInt": []}, 4]}}]},
                                               {"RangeSingle":
                                                    {"Constant": {"ConstantInt": [{"TagInt": []}, 1]}}}]]}]}}]]}}},
            {"Op":
                 {"MkOpAnd":
                      {"Comprehension":
                           [{"Op":
                                 {"MkOpImply":
                                      [{"Op":
                                            {"MkOpLeq":
                                                 [{"Reference": [{"Name": "q19"}, null]},
                                                  {"Reference":
                                                       [{"Name":
                                                             "var3_PartitionAsSet_ExplicitVarSizeWithMarker_Marker"},
                                                        null]}]}},
                                       {"Op":
                                            {"MkOpGeq":
                                                 [{"Op":
                                                       {"MkOpSum":
                                                            {"Comprehension":
                                                                 [{"Op":
                                                                       {"MkOpIndexing":
                                                                            [{"Op":
                                                                                  {"MkOpIndexing":
                                                                                       [{"Reference":
                                                                                             [{"Name":
                                                                                                   "var3_PartitionAsSet_ExplicitVarSizeWithMarker_Values_Occurrence"},
                                                                                              null]},
                                                                                        {"Reference":
                                                                                             [{"Name": "q19"},
                                                                                              null]}]}},
                                                                             {"Reference": [{"Name": "q20"}, null]}]}},
                                                                  [{"Generator":
                                                                        {"GenDomainNoRepr":
                                                                             [{"Single": {"Name": "q20"}},
                                                                              {"DomainInt":
                                                                                   [{"TagInt": []},
                                                                                    [{"RangeBounded":
                                                                                          [{"Constant":
                                                                                                {"ConstantInt":
                                                                                                     [{"TagInt": []},
                                                                                                      2]}},
                                                                                           {"Constant":
                                                                                                {"ConstantInt":
                                                                                                     [{"TagInt": []},
                                                                                                      4]}}]},
                                                                                     {"RangeSingle":
                                                                                          {"Constant":
                                                                                               {"ConstantInt":
                                                                                                    [{"TagInt": []},
                                                                                                     1]}}}]]}]}}]]}}},
                                                  {"Constant": {"ConstantInt": [{"TagInt": []}, 1]}}]}}]}},
                            [{"Generator":
                                  {"GenDomainNoRepr":
                                       [{"Single": {"Name": "q19"}},
                                        {"DomainInt":
                                             [{"TagInt": []},
                                              [{"RangeBounded":
                                                    [{"Constant": {"ConstantInt": [{"TagInt": []}, 1]}},
                                                     {"Constant": {"ConstantInt": [{"TagInt": []}, 16]}}]}]]}]}}]]}}},
            {"Op":
                 {"MkOpAnd":
                      {"Comprehension":
                           [{"Op":
                                 {"MkOpImply":
                                      [{"Op":
                                            {"MkOpLeq":
                                                 [{"Op":
                                                       {"MkOpSum":
                                                            {"AbstractLiteral":
                                                                 {"AbsLitMatrix":
                                                                      [{"DomainInt":
                                                                            [{"TagInt": []},
                                                                             [{"RangeBounded":
                                                                                   [{"Constant":
                                                                                         {"ConstantInt":
                                                                                              [{"TagInt": []}, 1]}},
                                                                                    {"Constant":
                                                                                         {"ConstantInt":
                                                                                              [{"TagInt": []},
                                                                                               2]}}]}]]},
                                                                       [{"Reference": [{"Name": "q9"}, null]},
                                                                        {"Constant":
                                                                             {"ConstantInt":
                                                                                  [{"TagInt": []}, 1]}}]]}}}},
                                                  {"Reference":
                                                       [{"Name":
                                                             "var3_PartitionAsSet_ExplicitVarSizeWithMarker_Marker"},
                                                        null]}]}},
                                       {"Op":
                                            {"MkOpLexLt":
                                                 [{"Op":
                                                       {"MkOpSlicing":
                                                            [{"Op":
                                                                  {"MkOpIndexing":
                                                                       [{"Reference":
                                                                             [{"Name":
                                                                                   "var3_PartitionAsSet_ExplicitVarSizeWithMarker_Values_Occurrence"},
                                                                              null]},
                                                                        {"Reference": [{"Name": "q9"}, null]}]}},
                                                             null, null]}},
                                                  {"Op":
                                                       {"MkOpSlicing":
                                                            [{"Op":
                                                                  {"MkOpIndexing":
                                                                       [{"Reference":
                                                                             [{"Name":
                                                                                   "var3_PartitionAsSet_ExplicitVarSizeWithMarker_Values_Occurrence"},
                                                                              null]},
                                                                        {"Op":
                                                                             {"MkOpSum":
                                                                                  {"AbstractLiteral":
                                                                                       {"AbsLitMatrix":
                                                                                            [{"DomainInt":
                                                                                                  [{"TagInt": []},
                                                                                                   [{"RangeBounded":
                                                                                                         [{"Constant":
                                                                                                               {"ConstantInt":
                                                                                                                    [{"TagInt":
                                                                                                                          []},
                                                                                                                     1]}},
                                                                                                          {"Constant":
                                                                                                               {"ConstantInt":
                                                                                                                    [{"TagInt":
                                                                                                                          []},
                                                                                                                     2]}}]}]]},
                                                                                             [{"Reference":
                                                                                                   [{"Name": "q9"},
                                                                                                    null]},
                                                                                              {"Constant":
                                                                                                   {"ConstantInt":
                                                                                                        [{"TagInt": []},
                                                                                                         1]}}]]}}}}]}},
                                                             null, null]}}]}}]}},
                            [{"Generator":
                                  {"GenDomainNoRepr":
                                       [{"Single": {"Name": "q9"}},
                                        {"DomainInt":
                                             [{"TagInt": []},
                                              [{"RangeBounded":
                                                    [{"Constant": {"ConstantInt": [{"TagInt": []}, 1]}},
                                                     {"Constant": {"ConstantInt": [{"TagInt": []}, 15]}}]}]]}]}}]]}}},
            {"Op":
                 {"MkOpAnd":
                      {"Comprehension":
                           [{"Op":
                                 {"MkOpImply":
                                      [{"Op":
                                            {"MkOpGt":
                                                 [{"Reference": [{"Name": "q10"}, null]},
                                                  {"Reference":
                                                       [{"Name":
                                                             "var3_PartitionAsSet_ExplicitVarSizeWithMarker_Marker"},
                                                        null]}]}},
                                       {"Op":
                                            {"MkOpAnd":
                                                 {"Comprehension":
                                                      [{"Op":
                                                            {"MkOpEq":
                                                                 [{"Op":
                                                                       {"MkOpIndexing":
                                                                            [{"Op":
                                                                                  {"MkOpIndexing":
                                                                                       [{"Reference":
                                                                                             [{"Name":
                                                                                                   "var3_PartitionAsSet_ExplicitVarSizeWithMarker_Values_Occurrence"},
                                                                                              null]},
                                                                                        {"Reference":
                                                                                             [{"Name": "q10"},
                                                                                              null]}]}},
                                                                             {"Reference": [{"Name": "q21"}, null]}]}},
                                                                  {"Constant": {"ConstantBool": false}}]}},
                                                       [{"Generator":
                                                             {"GenDomainNoRepr":
                                                                  [{"Single": {"Name": "q21"}},
                                                                   {"DomainInt":
                                                                        [{"TagInt": []},
                                                                         [{"RangeBounded":
                                                                               [{"Constant":
                                                                                     {"ConstantInt":
                                                                                          [{"TagInt": []}, 2]}},
                                                                                {"Constant":
                                                                                     {"ConstantInt":
                                                                                          [{"TagInt": []}, 4]}}]},
                                                                          {"RangeSingle":
                                                                               {"Constant":
                                                                                    {"ConstantInt":
                                                                                         [{"TagInt": []},
                                                                                          1]}}}]]}]}}]]}}}]}},
                            [{"Generator":
                                  {"GenDomainNoRepr":
                                       [{"Single": {"Name": "q10"}},
                                        {"DomainInt":
                                             [{"TagInt": []},
                                              [{"RangeBounded":
                                                    [{"Constant": {"ConstantInt": [{"TagInt": []}, 1]}},
                                                     {"Constant": {"ConstantInt": [{"TagInt": []}, 16]}}]}]]}]}}]]}}},
            {"Op":
                 {"MkOpLeq":
                      [{"Constant": {"ConstantInt": [{"TagInt": []}, 1]}},
                       {"Reference": [{"Name": "var3_PartitionAsSet_ExplicitVarSizeWithMarker_Marker"}, null]}]}},
            {"Op":
                 {"MkOpAnd":
                      {"Comprehension":
                           [{"Op":
                                 {"MkOpImply":
                                      [{"Op":
                                            {"MkOpLeq":
                                                 [{"Reference": [{"Name": "q11"}, null]},
                                                  {"Reference":
                                                       [{"Name":
                                                             "var3_PartitionAsSet_ExplicitVarSizeWithMarker_Marker"},
                                                        null]}]}},
                                       {"Op":
                                            {"MkOpLeq":
                                                 [{"Op":
                                                       {"MkOpSum":
                                                            {"Comprehension":
                                                                 [{"Op":
                                                                       {"MkOpIndexing":
                                                                            [{"Op":
                                                                                  {"MkOpIndexing":
                                                                                       [{"Reference":
                                                                                             [{"Name":
                                                                                                   "var3_PartitionAsSet_ExplicitVarSizeWithMarker_Values_Occurrence"},
                                                                                              null]},
                                                                                        {"Reference":
                                                                                             [{"Name": "q11"},
                                                                                              null]}]}},
                                                                             {"Reference": [{"Name": "q12"}, null]}]}},
                                                                  [{"Generator":
                                                                        {"GenDomainNoRepr":
                                                                             [{"Single": {"Name": "q12"}},
                                                                              {"DomainInt":
                                                                                   [{"TagInt": []},
                                                                                    [{"RangeBounded":
                                                                                          [{"Constant":
                                                                                                {"ConstantInt":
                                                                                                     [{"TagInt": []},
                                                                                                      2]}},
                                                                                           {"Constant":
                                                                                                {"ConstantInt":
                                                                                                     [{"TagInt": []},
                                                                                                      4]}}]},
                                                                                     {"RangeSingle":
                                                                                          {"Constant":
                                                                                               {"ConstantInt":
                                                                                                    [{"TagInt": []},
                                                                                                     1]}}}]]}]}}]]}}},
                                                  {"Constant": {"ConstantInt": [{"TagInt": []}, 3]}}]}}]}},
                            [{"Generator":
                                  {"GenDomainNoRepr":
                                       [{"Single": {"Name": "q11"}},
                                        {"DomainInt":
                                             [{"TagInt": []},
                                              [{"RangeBounded":
                                                    [{"Constant": {"ConstantInt": [{"TagInt": []}, 1]}},
                                                     {"Constant": {"ConstantInt": [{"TagInt": []}, 16]}}]}]]}]}}]]}}},
            {"Op":
                 {"MkOpAnd":
                      {"Comprehension":
                           [{"Op":
                                 {"MkOpImply":
                                      [{"Op":
                                            {"MkOpAnd":
                                                 {"AbstractLiteral":
                                                      {"AbsLitMatrix":
                                                           [{"DomainInt":
                                                                 [{"TagInt": []},
                                                                  [{"RangeBounded":
                                                                        [{"Constant":
                                                                              {"ConstantInt": [{"TagInt": []}, 1]}},
                                                                         {"Constant":
                                                                              {"ConstantInt":
                                                                                   [{"TagInt": []}, 2]}}]}]]},
                                                            [{"Op":
                                                                  {"MkOpIndexing":
                                                                       [{"Reference":
                                                                             [{"Name": "var4_Function1DPartial_Flags"},
                                                                              null]},
                                                                        {"Reference": [{"Name": "q13"}, null]}]}},
                                                             {"Op":
                                                                  {"MkOpIndexing":
                                                                       [{"Reference":
                                                                             [{"Name": "var4_Function1DPartial_Flags"},
                                                                              null]},
                                                                        {"Reference": [{"Name": "q14"}, null]}]}}]]}}}},
                                       {"Op":
                                            {"MkOpNeq":
                                                 [{"Op":
                                                       {"MkOpIndexing":
                                                            [{"Reference":
                                                                  [{"Name": "var4_Function1DPartial_Values"}, null]},
                                                             {"Reference": [{"Name": "q13"}, null]}]}},
                                                  {"Op":
                                                       {"MkOpIndexing":
                                                            [{"Reference":
                                                                  [{"Name": "var4_Function1DPartial_Values"}, null]},
                                                             {"Reference": [{"Name": "q14"}, null]}]}}]}}]}},
                            [{"Generator": {"GenDomainNoRepr": [{"Single": {"Name": "q13"}}, {"DomainBool": []}]}},
                             {"Generator": {"GenDomainNoRepr": [{"Single": {"Name": "q14"}}, {"DomainBool": []}]}},
                             {"Condition":
                                  {"Op":
                                       {"MkOpNeq":
                                            [{"Reference": [{"Name": "q13"}, null]},
                                             {"Reference": [{"Name": "q14"}, null]}]}}}]]}}},
            {"Op":
                 {"MkOpAnd":
                      {"Comprehension":
                           [{"Op":
                                 {"MkOpImply":
                                      [{"Op":
                                            {"MkOpEq":
                                                 [{"Op":
                                                       {"MkOpIndexing":
                                                            [{"Reference":
                                                                  [{"Name": "var4_Function1DPartial_Flags"}, null]},
                                                             {"Reference": [{"Name": "q15"}, null]}]}},
                                                  {"Constant": {"ConstantBool": false}}]}},
                                       {"Op":
                                            {"MkOpEq":
                                                 [{"Op":
                                                       {"MkOpIndexing":
                                                            [{"Reference":
                                                                  [{"Name": "var4_Function1DPartial_Values"}, null]},
                                                             {"Reference": [{"Name": "q15"}, null]}]}},
                                                  {"Constant": {"ConstantBool": false}}]}}]}},
                            [{"Generator":
                                  {"GenDomainNoRepr": [{"Single": {"Name": "q15"}}, {"DomainBool": []}]}}]]}}}]}]}