Error:
    In a 'such that' statement: var2 = ((var2 = [l_1 | l_1 : bool, l_1][[2, 0; int(4..5)][5 ** 2]]) = var2)
    Error:
        Indexing with inappropriate type, matrix:
            The expression: [l_1 | l_1 : bool, l_1][[2, 0; int(4..5)][5 ** 2]]
            Indexing: [l_1 | l_1 : bool, l_1]
            Expected type of index: bool
            Actual type of index  : int