Generating models for mod01.essence
Generated models: model000001.eprime
Saved under: conjure-output
Savile Row: conjure-output/model000001.eprime
Running minion for domain filtering.
Running solver: minion
Copying solution to: mod01-000001.solution
Copying solution to: mod01-000002.solution
Copying solution to: mod01-000003.solution
Copying solution to: mod01-000004.solution
Copying solution to: mod01-000005.solution
