{"mInfo":
     {"finds": [], "givens": [], "enumGivens": [], "enumLettings": [], "lettings": [], "unnameds": [],
      "strategyQ": {"Auto": {"Interactive": []}}, "strategyA": {"Auto": {"Interactive": []}}, "trailCompact": [],
      "nameGenState": [], "nbExtraGivens": 0, "representations": [], "representationsTree": [], "originalDomains": [],
      "trailGeneralised": [], "trailVerbose": [], "trailRewrites": []},
 "mLanguage": {"language": {"Name": "Essence"}, "version": [1, 3]},
 "mStatements":
     [{"Declaration": {"GivenDomainDefnEnum": {"Name": "x"}}}, {"Declaration": {"GivenDomainDefnEnum": {"Name": "x2"}}},
      {"Declaration": {"GivenDomainDefnEnum": {"Name": "y2"}}},
      {"Declaration": {"GivenDomainDefnEnum": {"Name": "z2"}}},
      {"Declaration": {"GivenDomainDefnEnum": {"Name": "x3"}}},
      {"Declaration": {"GivenDomainDefnEnum": {"Name": "y3"}}},
      {"Declaration": {"GivenDomainDefnEnum": {"Name": "w4"}}},
      {"Declaration": {"GivenDomainDefnEnum": {"Name": "x4"}}},
      {"Declaration": {"GivenDomainDefnEnum": {"Name": "y4"}}},
      {"Declaration": {"GivenDomainDefnEnum": {"Name": "z4"}}}]}