{"mInfo":
     {"finds": [], "givens": [], "enumGivens": [], "enumLettings": [], "lettings": [], "unnameds": [],
      "strategyQ": {"Auto": {"Interactive": []}}, "strategyA": {"Auto": {"Interactive": []}}, "trailCompact": [],
      "nameGenState": [], "nbExtraGivens": 0, "representations": [], "representationsTree": [], "originalDomains": [],
      "trailGeneralised": [], "trailVerbose": [], "trailRewrites": []},
 "mLanguage": {"language": {"Name": "Essence"}, "version": [1, 3]},
 "mStatements":
     [{"Declaration":
           {"FindOrGiven":
                ["Find", {"Name": "var1"},
                 {"DomainTuple":
                      [{"DomainInt":
                            [{"TagInt": []},
                             [{"RangeSingle":
                                   {"Op": {"MkOpNegate": {"Constant": {"ConstantInt": [{"TagInt": []}, 1]}}}}},
                              {"RangeBounded":
                                   [{"Op": {"MkOpNegate": {"Constant": {"ConstantInt": [{"TagInt": []}, 3]}}}},
                                    {"Constant": {"ConstantInt": [{"TagInt": []}, 3]}}]}]]},
                       {"DomainInt":
                            [{"TagInt": []},
                             [{"RangeBounded":
                                   [{"Op": {"MkOpNegate": {"Constant": {"ConstantInt": [{"TagInt": []}, 1]}}}},
                                    {"Constant": {"ConstantInt": [{"TagInt": []}, 3]}}]}]]}]}]}},
      {"Declaration":
           {"FindOrGiven":
                ["Find", {"Name": "var2"},
                 {"DomainSet":
                      [[], {"SizeAttr_None": []},
                       {"DomainInt":
                            [{"TagInt": []},
                             [{"RangeSingle": {"Constant": {"ConstantInt": [{"TagInt": []}, 4]}}},
                              {"RangeBounded":
                                   [{"Constant": {"ConstantInt": [{"TagInt": []}, 1]}},
                                    {"Constant": {"ConstantInt": [{"TagInt": []}, 2]}}]}]]}]}]}},
      {"SuchThat":
           [{"Op":
                 {"MkOpOr":
                      {"Comprehension":
                           [{"Op":
                                 {"MkOpOr":
                                      {"AbstractLiteral":
                                           {"AbsLitMatrix":
                                                [{"DomainInt":
                                                      [{"TagInt": []},
                                                       [{"RangeBounded":
                                                             [{"Constant": {"ConstantInt": [{"TagInt": []}, 1]}},
                                                              {"Constant": {"ConstantInt": [{"TagInt": []}, 2]}}]}]]},
                                                 [{"Op":
                                                       {"MkOpAnd":
                                                            {"AbstractLiteral":
                                                                 {"AbsLitMatrix":
                                                                      [{"DomainInt":
                                                                            [{"TagInt": []},
                                                                             [{"RangeBounded":
                                                                                   [{"Constant":
                                                                                         {"ConstantInt":
                                                                                              [{"TagInt": []}, 1]}},
                                                                                    {"Constant":
                                                                                         {"ConstantInt":
                                                                                              [{"TagInt": []},
                                                                                               2]}}]}]]},
                                                                       [{"Constant": {"ConstantBool": true}},
                                                                        {"Constant": {"ConstantBool": true}}]]}}}},
                                                  {"Op":
                                                       {"MkOpNeq":
                                                            [{"Constant": {"ConstantBool": false}},
                                                             {"Constant": {"ConstantBool": false}}]}}]]}}}},
                            [{"Generator":
                                  {"GenDomainNoRepr":
                                       [{"Single": {"Name": "q_3"}},
                                        {"DomainSet":
                                             [[], {"SizeAttr_None": []},
                                              {"DomainInt":
                                                   [{"TagInt": []},
                                                    [{"RangeSingle":
                                                          {"Constant": {"ConstantInt": [{"TagInt": []}, 4]}}},
                                                     {"RangeBounded":
                                                          [{"Constant": {"ConstantInt": [{"TagInt": []}, 1]}},
                                                           {"Constant":
                                                                {"ConstantInt": [{"TagInt": []}, 2]}}]}]]}]}]}}]]}}},
            {"Op":
                 {"MkOpAnd":
                      {"Comprehension":
                           [{"Op":
                                 {"MkOpEq":
                                      [{"Constant":
                                            {"ConstantAbstract":
                                                 {"AbsLitPartition": [[{"ConstantInt": [{"TagInt": []}, -8]}]]}}},
                                       {"Constant":
                                            {"ConstantAbstract":
                                                 {"AbsLitPartition": [[{"ConstantInt": [{"TagInt": []}, -7]}]]}}}]}},
                            [{"Generator":
                                  {"GenDomainNoRepr":
                                       [{"Single": {"Name": "q_4"}},
                                        {"DomainSet":
                                             [[], {"SizeAttr_None": []},
                                              {"DomainInt":
                                                   [{"TagInt": []},
                                                    [{"RangeSingle":
                                                          {"Constant": {"ConstantInt": [{"TagInt": []}, 4]}}},
                                                     {"RangeBounded":
                                                          [{"Constant": {"ConstantInt": [{"TagInt": []}, 1]}},
                                                           {"Constant": {"ConstantInt": [{"TagInt": []}, 2]}}]}]]}]}]}},
                             {"Condition":
                                  {"Op":
                                       {"MkOpEq":
                                            [{"Op": {"MkOpTwoBars": {"Reference": [{"Name": "q_4"}, null]}}},
                                             {"Op":
                                                  {"MkOpSum":
                                                       {"Comprehension":
                                                            [{"Op":
                                                                  {"MkOpDiv":
                                                                       [{"Op":
                                                                             {"MkOpNegate":
                                                                                  {"Constant":
                                                                                       {"ConstantInt":
                                                                                            [{"TagInt": []}, 10]}}}},
                                                                        {"Op":
                                                                             {"MkOpNegate":
                                                                                  {"Constant":
                                                                                       {"ConstantInt":
                                                                                            [{"TagInt": []}, 6]}}}}]}},
                                                             [{"Generator":
                                                                   {"GenInExpr":
                                                                        [{"Single": {"Name": "q_5"}},
                                                                         {"Reference":
                                                                              [{"Name": "var2"},
                                                                               null]}]}}]]}}}]}}}]]}}}]}]}