{"mInfo":
     {"finds": [], "givens": [], "enumGivens": [], "enumLettings": [], "lettings": [], "unnameds": [],
      "strategyQ": {"Auto": {"Interactive": []}}, "strategyA": {"Auto": {"Interactive": []}}, "trailCompact": [],
      "nameGenState": [], "nbExtraGivens": 0, "representations": [], "representationsTree": [], "originalDomains": [],
      "trailGeneralised": [], "trailVerbose": [], "trailRewrites": []},
 "mLanguage": {"language": {"Name": "Essence"}, "version": [1, 3]},
 "mStatements":
     [{"Declaration":
           {"FindOrGiven":
                ["Find", {"Name": "var2"},
                 {"DomainInt":
                      [{"TagInt": []},
                       [{"RangeBounded":
                             [{"Constant": {"ConstantInt": [{"TagInt": []}, 2]}},
                              {"Constant": {"ConstantInt": [{"TagInt": []}, 5]}}]},
                        {"RangeSingle": {"Constant": {"ConstantInt": [{"TagInt": []}, 3]}}}]]}]}},
      {"SuchThat":
           [{"Op":
                 {"MkOpIndexing":
                      [{"Op":
                            {"MkOpImage":
                                 [{"Constant":
                                       {"ConstantAbstract":
                                            {"AbsLitFunction":
                                                 [[{"ConstantAbstract":
                                                        {"AbsLitTuple": [{"ConstantInt": [{"TagInt": []}, 5]}]}},
                                                   {"ConstantAbstract":
                                                        {"AbsLitMatrix":
                                                             [{"DomainInt":
                                                                   [{"TagInt": []},
                                                                    [{"RangeBounded":
                                                                          [{"ConstantInt": [{"TagInt": []}, 1]},
                                                                           {"ConstantInt": [{"TagInt": []}, 1]}]}]]},
                                                              [{"ConstantBool": true}]]}}]]}}},
                                  {"AbstractLiteral": {"AbsLitTuple": [{"Reference": [{"Name": "var2"}, null]}]}}]}},
                       {"Constant": {"ConstantInt": [{"TagInt": []}, 4]}}]}}]}]}