Generating models for 00.essence
Generated models: model000001.eprime
Saved under: conjure-output
Savile Row: conjure-output/model000001.eprime
Running minion for domain filtering.
Running solver: minion
[
{"x": 1, "y": 2, "z": 2}
,
{"x": 2, "y": 1, "z": 1}
,
{"x": 3, "y": 3, "z": 3}
]
