*** catbtor: parse error in 'addnospaceafterfirstarg.in' line 3: expected space after argument (argument missing)
