*** catbtor: parse error in 'invalidid0.in' line 1: id should start with non-zero digit
