Generating models for set-matrix-unnamed.essence
Generated models: model000001.eprime
Saved under: conjure-output-function-unnamed-Quick-AllPermutations-Independently
Savile Row: conjure-output-function-unnamed-Quick-AllPermutations-Independently/model000001.eprime p.param
Running minion for domain filtering.
Running solver: minion
{"e": ["e_1", "e_2", "e_3"], "i": []}
{"e": ["e_1", "e_2", "e_3"], "i": [{"1": "e_1", "2": "e_1"}]}
{"e": ["e_1", "e_2", "e_3"], "i": [{"1": "e_1", "2": "e_2"}]}
{"e": ["e_1", "e_2", "e_3"], "i": [{"1": "e_1", "2": "e_1"}, {"1": "e_1", "2": "e_2"}]}
{"e": ["e_1", "e_2", "e_3"], "i": [{"1": "e_1", "2": "e_1"}, {"1": "e_2", "2": "e_1"}]}
{"e": ["e_1", "e_2", "e_3"], "i": [{"1": "e_1", "2": "e_1"}, {"1": "e_2", "2": "e_2"}]}
{"e": ["e_1", "e_2", "e_3"], "i": [{"1": "e_1", "2": "e_1"}, {"1": "e_2", "2": "e_3"}]}
{"e": ["e_1", "e_2", "e_3"], "i": [{"1": "e_1", "2": "e_2"}, {"1": "e_1", "2": "e_3"}]}
{"e": ["e_1", "e_2", "e_3"], "i": [{"1": "e_1", "2": "e_2"}, {"1": "e_2", "2": "e_1"}]}
{"e": ["e_1", "e_2", "e_3"], "i": [{"1": "e_1", "2": "e_2"}, {"1": "e_2", "2": "e_2"}]}
{"e": ["e_1", "e_2", "e_3"], "i": [{"1": "e_1", "2": "e_2"}, {"1": "e_2", "2": "e_3"}]}
{"e": ["e_1", "e_2", "e_3"], "i": [{"1": "e_1", "2": "e_2"}, {"1": "e_3", "2": "e_1"}]}
{"e": ["e_1", "e_2", "e_3"], "i": [{"1": "e_1", "2": "e_2"}, {"1": "e_3", "2": "e_2"}]}
{"e": ["e_1", "e_2", "e_3"], "i": [{"1": "e_1", "2": "e_2"}, {"1": "e_3", "2": "e_3"}]}
{"e": ["e_1", "e_2", "e_3"], "i": [{"1": "e_1", "2": "e_1"}, {"1": "e_1", "2": "e_2"}, {"1": "e_1", "2": "e_3"}]}
{"e": ["e_1", "e_2", "e_3"], "i": [{"1": "e_1", "2": "e_1"}, {"1": "e_1", "2": "e_2"}, {"1": "e_2", "2": "e_1"}]}
{"e": ["e_1", "e_2", "e_3"], "i": [{"1": "e_1", "2": "e_1"}, {"1": "e_1", "2": "e_2"}, {"1": "e_2", "2": "e_2"}]}
{"e": ["e_1", "e_2", "e_3"], "i": [{"1": "e_1", "2": "e_1"}, {"1": "e_1", "2": "e_2"}, {"1": "e_2", "2": "e_3"}]}
{"e": ["e_1", "e_2", "e_3"], "i": [{"1": "e_1", "2": "e_1"}, {"1": "e_1", "2": "e_2"}, {"1": "e_3", "2": "e_1"}]}
{"e": ["e_1", "e_2", "e_3"], "i": [{"1": "e_1", "2": "e_1"}, {"1": "e_1", "2": "e_2"}, {"1": "e_3", "2": "e_2"}]}
{"e": ["e_1", "e_2", "e_3"], "i": [{"1": "e_1", "2": "e_1"}, {"1": "e_1", "2": "e_2"}, {"1": "e_3", "2": "e_3"}]}
{"e": ["e_1", "e_2", "e_3"], "i": [{"1": "e_1", "2": "e_1"}, {"1": "e_2", "2": "e_1"}, {"1": "e_2", "2": "e_2"}]}
{"e": ["e_1", "e_2", "e_3"], "i": [{"1": "e_1", "2": "e_1"}, {"1": "e_2", "2": "e_1"}, {"1": "e_2", "2": "e_3"}]}
{"e": ["e_1", "e_2", "e_3"], "i": [{"1": "e_1", "2": "e_1"}, {"1": "e_2", "2": "e_1"}, {"1": "e_3", "2": "e_1"}]}
{"e": ["e_1", "e_2", "e_3"], "i": [{"1": "e_1", "2": "e_1"}, {"1": "e_2", "2": "e_1"}, {"1": "e_3", "2": "e_2"}]}
{"e": ["e_1", "e_2", "e_3"], "i": [{"1": "e_1", "2": "e_1"}, {"1": "e_2", "2": "e_1"}, {"1": "e_3", "2": "e_3"}]}
{"e": ["e_1", "e_2", "e_3"], "i": [{"1": "e_1", "2": "e_1"}, {"1": "e_2", "2": "e_2"}, {"1": "e_2", "2": "e_3"}]}
{"e": ["e_1", "e_2", "e_3"], "i": [{"1": "e_1", "2": "e_1"}, {"1": "e_2", "2": "e_2"}, {"1": "e_3", "2": "e_1"}]}
{"e": ["e_1", "e_2", "e_3"], "i": [{"1": "e_1", "2": "e_1"}, {"1": "e_2", "2": "e_2"}, {"1": "e_3", "2": "e_2"}]}
{"e": ["e_1", "e_2", "e_3"], "i": [{"1": "e_1", "2": "e_1"}, {"1": "e_2", "2": "e_2"}, {"1": "e_3", "2": "e_3"}]}
{"e": ["e_1", "e_2", "e_3"], "i": [{"1": "e_1", "2": "e_1"}, {"1": "e_2", "2": "e_3"}, {"1": "e_3", "2": "e_1"}]}
{"e": ["e_1", "e_2", "e_3"], "i": [{"1": "e_1", "2": "e_1"}, {"1": "e_2", "2": "e_3"}, {"1": "e_3", "2": "e_2"}]}
{"e": ["e_1", "e_2", "e_3"], "i": [{"1": "e_1", "2": "e_1"}, {"1": "e_2", "2": "e_3"}, {"1": "e_3", "2": "e_3"}]}
{"e": ["e_1", "e_2", "e_3"], "i": [{"1": "e_1", "2": "e_2"}, {"1": "e_1", "2": "e_3"}, {"1": "e_2", "2": "e_1"}]}
{"e": ["e_1", "e_2", "e_3"], "i": [{"1": "e_1", "2": "e_2"}, {"1": "e_1", "2": "e_3"}, {"1": "e_2", "2": "e_2"}]}
{"e": ["e_1", "e_2", "e_3"], "i": [{"1": "e_1", "2": "e_2"}, {"1": "e_1", "2": "e_3"}, {"1": "e_2", "2": "e_3"}]}
{"e": ["e_1", "e_2", "e_3"], "i": [{"1": "e_1", "2": "e_2"}, {"1": "e_1", "2": "e_3"}, {"1": "e_3", "2": "e_1"}]}
{"e": ["e_1", "e_2", "e_3"], "i": [{"1": "e_1", "2": "e_2"}, {"1": "e_1", "2": "e_3"}, {"1": "e_3", "2": "e_2"}]}
{"e": ["e_1", "e_2", "e_3"], "i": [{"1": "e_1", "2": "e_2"}, {"1": "e_1", "2": "e_3"}, {"1": "e_3", "2": "e_3"}]}
{"e": ["e_1", "e_2", "e_3"], "i": [{"1": "e_1", "2": "e_2"}, {"1": "e_2", "2": "e_1"}, {"1": "e_2", "2": "e_2"}]}
{"e": ["e_1", "e_2", "e_3"], "i": [{"1": "e_1", "2": "e_2"}, {"1": "e_2", "2": "e_1"}, {"1": "e_2", "2": "e_3"}]}
{"e": ["e_1", "e_2", "e_3"], "i": [{"1": "e_1", "2": "e_2"}, {"1": "e_2", "2": "e_1"}, {"1": "e_3", "2": "e_1"}]}
{"e": ["e_1", "e_2", "e_3"], "i": [{"1": "e_1", "2": "e_2"}, {"1": "e_2", "2": "e_1"}, {"1": "e_3", "2": "e_2"}]}
{"e": ["e_1", "e_2", "e_3"], "i": [{"1": "e_1", "2": "e_2"}, {"1": "e_2", "2": "e_1"}, {"1": "e_3", "2": "e_3"}]}
{"e": ["e_1", "e_2", "e_3"], "i": [{"1": "e_1", "2": "e_2"}, {"1": "e_2", "2": "e_2"}, {"1": "e_2", "2": "e_3"}]}
{"e": ["e_1", "e_2", "e_3"], "i": [{"1": "e_1", "2": "e_2"}, {"1": "e_2", "2": "e_2"}, {"1": "e_3", "2": "e_1"}]}
{"e": ["e_1", "e_2", "e_3"], "i": [{"1": "e_1", "2": "e_2"}, {"1": "e_2", "2": "e_2"}, {"1": "e_3", "2": "e_2"}]}
{"e": ["e_1", "e_2", "e_3"], "i": [{"1": "e_1", "2": "e_2"}, {"1": "e_2", "2": "e_2"}, {"1": "e_3", "2": "e_3"}]}
{"e": ["e_1", "e_2", "e_3"], "i": [{"1": "e_1", "2": "e_2"}, {"1": "e_2", "2": "e_3"}, {"1": "e_3", "2": "e_1"}]}
{"e": ["e_1", "e_2", "e_3"], "i": [{"1": "e_1", "2": "e_2"}, {"1": "e_2", "2": "e_3"}, {"1": "e_3", "2": "e_2"}]}
{"e": ["e_1", "e_2", "e_3"], "i": [{"1": "e_1", "2": "e_2"}, {"1": "e_2", "2": "e_3"}, {"1": "e_3", "2": "e_3"}]}
{"e": ["e_1", "e_2", "e_3"], "i": [{"1": "e_1", "2": "e_2"}, {"1": "e_3", "2": "e_1"}, {"1": "e_3", "2": "e_2"}]}
{"e": ["e_1", "e_2", "e_3"], "i": [{"1": "e_1", "2": "e_2"}, {"1": "e_3", "2": "e_1"}, {"1": "e_3", "2": "e_3"}]}
{"e": ["e_1", "e_2", "e_3"], "i": [{"1": "e_1", "2": "e_2"}, {"1": "e_3", "2": "e_2"}, {"1": "e_3", "2": "e_3"}]}
