{"mInfo":
     {"finds": [], "givens": [], "enumGivens": [], "enumLettings": [], "lettings": [], "unnameds": [],
      "strategyQ": {"Auto": {"Interactive": []}}, "strategyA": {"Auto": {"Interactive": []}}, "trailCompact": [],
      "nameGenState": [], "nbExtraGivens": 0, "representations": [], "representationsTree": [], "originalDomains": [],
      "trailGeneralised": [], "trailVerbose": [], "trailRewrites": []},
 "mLanguage": {"language": {"Name": "ESSENCE'"}, "version": [1, 0]},
 "mStatements":
     [{"Declaration":
           {"Letting":
                [{"Name": "given1_PartitionOccurrence_NumParts"}, {"Constant": {"ConstantInt": [{"TagInt": []}, 2]}}]}},
      {"Declaration":
           {"Letting":
                [{"Name": "given1_PartitionOccurrence_WhichPart"},
                 {"Constant":
                      {"ConstantAbstract":
                           {"AbsLitMatrix":
                                [{"DomainInt":
                                      [{"TagInt": []},
                                       [{"RangeBounded":
                                             [{"ConstantInt": [{"TagInt": []}, 1]},
                                              {"ConstantInt": [{"TagInt": []}, 4]}]}]]},
                                 [{"ConstantInt": [{"TagInt": []}, 1]}, {"ConstantInt": [{"TagInt": []}, 1]},
                                  {"ConstantInt": [{"TagInt": []}, 2]}, {"ConstantInt": [{"TagInt": []}, 1]}]]}}}]}},
      {"Declaration":
           {"Letting":
                [{"Name": "given1_PartitionOccurrence_PartSizes"},
                 {"Constant":
                      {"ConstantAbstract":
                           {"AbsLitMatrix":
                                [{"DomainInt":
                                      [{"TagInt": []},
                                       [{"RangeBounded":
                                             [{"ConstantInt": [{"TagInt": []}, 1]},
                                              {"ConstantInt": [{"TagInt": []}, 4]}]}]]},
                                 [{"ConstantInt": [{"TagInt": []}, 3]}, {"ConstantInt": [{"TagInt": []}, 1]},
                                  {"ConstantInt": [{"TagInt": []}, 0]}, {"ConstantInt": [{"TagInt": []}, 0]}]]}}}]}},
      {"Declaration":
           {"Letting":
                [{"Name": "given1_PartitionOccurrence_FirstIndex"},
                 {"Constant":
                      {"ConstantAbstract":
                           {"AbsLitMatrix":
                                [{"DomainInt":
                                      [{"TagInt": []},
                                       [{"RangeBounded":
                                             [{"ConstantInt": [{"TagInt": []}, 1]},
                                              {"ConstantInt": [{"TagInt": []}, 4]}]}]]},
                                 [{"ConstantInt": [{"TagInt": []}, 0]}, {"ConstantInt": [{"TagInt": []}, 2]},
                                  {"ConstantInt": [{"TagInt": []}, 2]}, {"ConstantInt": [{"TagInt": []}, 2]}]]}}}]}},
      {"Declaration": {"Letting": [{"Name": "given2_1"}, {"Constant": {"ConstantBool": false}}]}},
      {"Declaration": {"Letting": [{"Name": "given2_2"}, {"Constant": {"ConstantBool": true}}]}},
      {"Declaration": {"Letting": [{"Name": "given2_3"}, {"Constant": {"ConstantBool": false}}]}},
      {"Declaration": {"Letting": [{"Name": "given2_4"}, {"Constant": {"ConstantInt": [{"TagInt": []}, 3]}}]}}]}