conjure: This should never happen, sorry!

However, it did happen, so it must be a bug. Please report it to us!

Conjure is actively maintained, we will get back to you as soon as possible.
You can help us by providing a minimal failing example.

Also include the repository version for this build: a0ad2d9e8 (2019-05-09 16:40:54 +0100)

Issue tracker: http://github.com/conjure-cp/conjure/issues


rule_Transform_Sum_Product not implemented

CallStack (from HasCallStack):
  error, called at src/Conjure/Bug.hs:21:15 in conjure-cp-2.2.0-LnVYz0dVCf9Jm8aATTrNoB:Conjure.Bug
  bug, called at src/Conjure/Rules/Functional/Transform.hs:247:12 in conjure-cp-2.2.0-LnVYz0dVCf9Jm8aATTrNoB:Conjure.Rules.Functional.Transform
cat: conjure-output/*.solution: No such file or directory
