Error:
    In a 'such that' statement: atom in used
    Error: Expected an expression, but got a domain: int(1..3)
