{"mInfo":
     {"finds": [], "givens": [], "enumGivens": [], "enumLettings": [], "lettings": [], "unnameds": [],
      "strategyQ": {"Auto": {"Interactive": []}}, "strategyA": {"Auto": {"Interactive": []}}, "trailCompact": [],
      "nameGenState": [], "nbExtraGivens": 0, "representations": [], "representationsTree": [], "originalDomains": [],
      "trailGeneralised": [], "trailVerbose": [], "trailRewrites": []},
 "mLanguage": {"language": {"Name": "ESSENCE'"}, "version": [1, 0]},
 "mStatements":
     [{"Declaration":
           {"FindOrGiven":
                ["Find", {"Name": "var1"},
                 {"DomainInt":
                      [{"TagInt": []},
                       [{"RangeSingle": {"Constant": {"ConstantInt": [{"TagInt": []}, 2]}}},
                        {"RangeBounded":
                             [{"Constant": {"ConstantInt": [{"TagInt": []}, 4]}},
                              {"Constant": {"ConstantInt": [{"TagInt": []}, 5]}}]}]]}]}},
      {"SuchThat": [{"Constant": {"ConstantBool": true}}]}]}