{"mInfo":
     {"finds": [], "givens": [], "enumGivens": [], "enumLettings": [], "lettings": [], "unnameds": [],
      "strategyQ": {"Auto": {"Interactive": []}}, "strategyA": {"Auto": {"Interactive": []}}, "trailCompact": [],
      "nameGenState": [], "nbExtraGivens": 0, "representations": [], "representationsTree": [], "originalDomains": [],
      "trailGeneralised": [], "trailVerbose": [], "trailRewrites": []},
 "mLanguage": {"language": {"Name": "ESSENCE'"}, "version": [1, 0]},
 "mStatements":
     [{"Declaration":
           {"Letting":
                [{"Name": "var1_Function1D"},
                 {"Constant":
                      {"ConstantAbstract":
                           {"AbsLitMatrix":
                                [{"DomainBool": []}, [{"ConstantBool": false}, {"ConstantBool": true}]]}}}]}},
      {"Declaration":
           {"Letting":
                [{"Name": "var2_ExplicitWithRepetition_Flag"}, {"Constant": {"ConstantInt": [{"TagInt": []}, 0]}}]}},
      {"Declaration":
           {"Letting":
                [{"Name": "var2_ExplicitWithRepetition_Values"},
                 {"Constant":
                      {"ConstantAbstract":
                           {"AbsLitMatrix":
                                [{"DomainInt":
                                      [{"TagInt": []},
                                       [{"RangeBounded":
                                             [{"ConstantInt": [{"TagInt": []}, 1]},
                                              {"ConstantInt": [{"TagInt": []}, 16]}]}]]},
                                 [{"ConstantBool": false}, {"ConstantBool": false}, {"ConstantBool": false},
                                  {"ConstantBool": false}, {"ConstantBool": false}, {"ConstantBool": false},
                                  {"ConstantBool": false}, {"ConstantBool": false}, {"ConstantBool": false},
                                  {"ConstantBool": false}, {"ConstantBool": false}, {"ConstantBool": false},
                                  {"ConstantBool": false}, {"ConstantBool": false}, {"ConstantBool": false},
                                  {"ConstantBool": false}]]}}}]}},
      {"Declaration":
           {"Letting":
                [{"Name": "var3_RelationAsMatrix"},
                 {"Constant":
                      {"ConstantAbstract":
                           {"AbsLitMatrix":
                                [{"DomainBool": []},
                                 [{"ConstantAbstract":
                                       {"AbsLitMatrix":
                                            [{"DomainBool": []},
                                             [{"ConstantAbstract":
                                                   {"AbsLitMatrix":
                                                        [{"DomainBool": []},
                                                         [{"ConstantAbstract":
                                                               {"AbsLitMatrix":
                                                                    [{"DomainBool": []},
                                                                     [{"ConstantBool": false},
                                                                      {"ConstantBool": false}]]}},
                                                          {"ConstantAbstract":
                                                               {"AbsLitMatrix":
                                                                    [{"DomainBool": []},
                                                                     [{"ConstantBool": false},
                                                                      {"ConstantBool": false}]]}}]]}},
                                              {"ConstantAbstract":
                                                   {"AbsLitMatrix":
                                                        [{"DomainBool": []},
                                                         [{"ConstantAbstract":
                                                               {"AbsLitMatrix":
                                                                    [{"DomainBool": []},
                                                                     [{"ConstantBool": false},
                                                                      {"ConstantBool": false}]]}},
                                                          {"ConstantAbstract":
                                                               {"AbsLitMatrix":
                                                                    [{"DomainBool": []},
                                                                     [{"ConstantBool": false},
                                                                      {"ConstantBool": false}]]}}]]}}]]}},
                                  {"ConstantAbstract":
                                       {"AbsLitMatrix":
                                            [{"DomainBool": []},
                                             [{"ConstantAbstract":
                                                   {"AbsLitMatrix":
                                                        [{"DomainBool": []},
                                                         [{"ConstantAbstract":
                                                               {"AbsLitMatrix":
                                                                    [{"DomainBool": []},
                                                                     [{"ConstantBool": false},
                                                                      {"ConstantBool": false}]]}},
                                                          {"ConstantAbstract":
                                                               {"AbsLitMatrix":
                                                                    [{"DomainBool": []},
                                                                     [{"ConstantBool": false},
                                                                      {"ConstantBool": false}]]}}]]}},
                                              {"ConstantAbstract":
                                                   {"AbsLitMatrix":
                                                        [{"DomainBool": []},
                                                         [{"ConstantAbstract":
                                                               {"AbsLitMatrix":
                                                                    [{"DomainBool": []},
                                                                     [{"ConstantBool": false},
                                                                      {"ConstantBool": false}]]}},
                                                          {"ConstantAbstract":
                                                               {"AbsLitMatrix":
                                                                    [{"DomainBool": []},
                                                                     [{"ConstantBool": false},
                                                                      {"ConstantBool": false}]]}}]]}}]]}}]]}}}]}}]}