{"mInfo":
     {"finds": [], "givens": [], "enumGivens": [], "enumLettings": [], "lettings": [], "unnameds": [],
      "strategyQ": {"Auto": {"Interactive": []}}, "strategyA": {"Auto": {"Interactive": []}}, "trailCompact": [],
      "nameGenState": [], "nbExtraGivens": 0, "representations": [], "representationsTree": [], "originalDomains": [],
      "trailGeneralised": [], "trailVerbose": [], "trailRewrites": []},
 "mLanguage": {"language": {"Name": "ESSENCE'"}, "version": [1, 0]},
 "mStatements":
     [{"Declaration": {"FindOrGiven": ["Find", {"Name": "var1"}, {"DomainBool": []}]}},
      {"Declaration": {"FindOrGiven": ["Find", {"Name": "var2"}, {"DomainBool": []}]}},
      {"Declaration":
           {"FindOrGiven":
                ["Find", {"Name": "var3"},
                 {"DomainMatrix":
                      [{"DomainInt":
                            [{"TagInt": []},
                             [{"RangeBounded":
                                   [{"Constant": {"ConstantInt": [{"TagInt": []}, 4]}},
                                    {"Constant": {"ConstantInt": [{"TagInt": []}, 4]}}]},
                              {"RangeBounded":
                                   [{"Constant": {"ConstantInt": [{"TagInt": []}, 5]}},
                                    {"Constant": {"ConstantInt": [{"TagInt": []}, 5]}}]}]]},
                       {"DomainBool": []}]}]}},
      {"Declaration": {"FindOrGiven": ["Find", {"Name": "var4"}, {"DomainBool": []}]}},
      {"SuchThat":
           [{"Op":
                 {"MkOpEq":
                      [{"Op":
                            {"MkOpIndexing":
                                 [{"Comprehension":
                                       [{"Op":
                                             {"MkOpIndexing":
                                                  [{"Reference": [{"Name": "var3"}, null]},
                                                   {"Op":
                                                        {"MkOpIndexing":
                                                             [{"Constant":
                                                                   {"ConstantAbstract":
                                                                        {"AbsLitMatrix":
                                                                             [{"DomainInt":
                                                                                   [{"TagInt": []},
                                                                                    [{"RangeBounded":
                                                                                          [{"ConstantInt":
                                                                                                [{"TagInt": []}, 2]},
                                                                                           {"ConstantInt":
                                                                                                [{"TagInt": []}, 2]}]},
                                                                                     {"RangeBounded":
                                                                                          [{"ConstantInt":
                                                                                                [{"TagInt": []}, 7]},
                                                                                           {"ConstantInt":
                                                                                                [{"TagInt": []}, 7]}]},
                                                                                     {"RangeBounded":
                                                                                          [{"ConstantInt":
                                                                                                [{"TagInt": []}, 8]},
                                                                                           {"ConstantInt":
                                                                                                [{"TagInt": []}, 8]}]},
                                                                                     {"RangeBounded":
                                                                                          [{"ConstantInt":
                                                                                                [{"TagInt": []}, 9]},
                                                                                           {"ConstantInt":
                                                                                                [{"TagInt": []},
                                                                                                 9]}]}]]},
                                                                              [{"ConstantInt": [{"TagInt": []}, 4]},
                                                                               {"ConstantInt": [{"TagInt": []}, 4]},
                                                                               {"ConstantInt": [{"TagInt": []}, 1]},
                                                                               {"ConstantInt": [{"TagInt": []}, 4]},
                                                                               {"ConstantInt":
                                                                                    [{"TagInt": []}, 5]}]]}}},
                                                              {"Constant":
                                                                   {"ConstantInt": [{"TagInt": []}, 1024]}}]}}]}},
                                        [{"Generator":
                                              {"GenDomainNoRepr": [{"Single": {"Name": "l_1"}}, {"DomainBool": []}]}},
                                         {"Condition": {"Reference": [{"Name": "l_1"}, null]}}]]},
                                  {"Op":
                                       {"MkOpPow":
                                            [{"Constant": {"ConstantInt": [{"TagInt": []}, 1]}},
                                             {"Op":
                                                  {"MkOpPow":
                                                       [{"Op":
                                                             {"MkOpIndexing":
                                                                  [{"Constant":
                                                                        {"ConstantAbstract":
                                                                             {"AbsLitMatrix":
                                                                                  [{"DomainInt":
                                                                                        [{"TagInt": []},
                                                                                         [{"RangeBounded":
                                                                                               [{"ConstantInt":
                                                                                                     [{"TagInt": []},
                                                                                                      1]},
                                                                                                {"ConstantInt":
                                                                                                     [{"TagInt": []},
                                                                                                      1]}]},
                                                                                          {"RangeBounded":
                                                                                               [{"ConstantInt":
                                                                                                     [{"TagInt": []},
                                                                                                      5]},
                                                                                                {"ConstantInt":
                                                                                                     [{"TagInt": []},
                                                                                                      5]}]}]]},
                                                                                   [{"ConstantInt":
                                                                                         [{"TagInt": []}, 0]},
                                                                                    {"ConstantInt":
                                                                                         [{"TagInt": []}, 0]}]]}}},
                                                                   {"Constant":
                                                                        {"ConstantInt": [{"TagInt": []}, 25]}}]}},
                                                        {"Op":
                                                             {"MkOpIndexing":
                                                                  [{"Typed":
                                                                        [{"Constant":
                                                                              {"ConstantAbstract":
                                                                                   {"AbsLitMatrix":
                                                                                        [{"DomainInt":
                                                                                              [{"TagInt": []},
                                                                                               [{"RangeBounded":
                                                                                                     [{"ConstantInt":
                                                                                                           [{"TagInt":
                                                                                                                 []},
                                                                                                            1]},
                                                                                                      {"ConstantInt":
                                                                                                           [{"TagInt":
                                                                                                                 []},
                                                                                                            0]}]}]]},
                                                                                         []]}}},
                                                                         {"TypeMatrix":
                                                                              [{"TypeInt": {"TagInt": []}},
                                                                               {"TypeInt": {"TagInt": []}}]}]},
                                                                   {"Op":
                                                                        {"MkOpIndexing":
                                                                             [{"Constant":
                                                                                   {"ConstantAbstract":
                                                                                        {"AbsLitMatrix":
                                                                                             [{"DomainInt":
                                                                                                   [{"TagInt": []},
                                                                                                    [{"RangeBounded":
                                                                                                          [{"ConstantInt":
                                                                                                                [{"TagInt":
                                                                                                                      []},
                                                                                                                 3]},
                                                                                                           {"ConstantInt":
                                                                                                                [{"TagInt":
                                                                                                                      []},
                                                                                                                 7]}]}]]},
                                                                                              [{"ConstantInt":
                                                                                                    [{"TagInt": []},
                                                                                                     4]},
                                                                                               {"ConstantInt":
                                                                                                    [{"TagInt": []},
                                                                                                     2]},
                                                                                               {"ConstantInt":
                                                                                                    [{"TagInt": []},
                                                                                                     2]},
                                                                                               {"ConstantInt":
                                                                                                    [{"TagInt": []},
                                                                                                     1]},
                                                                                               {"ConstantInt":
                                                                                                    [{"TagInt": []},
                                                                                                     3]}]]}}},
                                                                              {"Constant":
                                                                                   {"ConstantInt":
                                                                                        [{"TagInt": []},
                                                                                         0]}}]}}]}}]}}]}}]}},
                       {"Op":
                            {"MkOpEq":
                                 [{"Op":
                                       {"MkOpAnd":
                                            {"Comprehension":
                                                 [{"Op":
                                                       {"MkOpEq":
                                                            [{"Op":
                                                                  {"MkOpIndexing":
                                                                       [{"Reference": [{"Name": "var3"}, null]},
                                                                        {"Reference": [{"Name": "q2"}, null]}]}},
                                                             {"Op":
                                                                  {"MkOpIndexing":
                                                                       [{"Constant":
                                                                             {"ConstantAbstract":
                                                                                  {"AbsLitMatrix":
                                                                                       [{"DomainInt":
                                                                                             [{"TagInt": []},
                                                                                              [{"RangeBounded":
                                                                                                    [{"ConstantInt":
                                                                                                          [{"TagInt":
                                                                                                                []},
                                                                                                           4]},
                                                                                                     {"ConstantInt":
                                                                                                          [{"TagInt":
                                                                                                                []},
                                                                                                           5]}]}]]},
                                                                                        [{"ConstantBool": true},
                                                                                         {"ConstantBool": false}]]}}},
                                                                        {"Reference": [{"Name": "q2"}, null]}]}}]}},
                                                  [{"Generator":
                                                        {"GenDomainNoRepr":
                                                             [{"Single": {"Name": "q2"}},
                                                              {"DomainInt":
                                                                   [{"TagInt": []},
                                                                    [{"RangeBounded":
                                                                          [{"Constant":
                                                                                {"ConstantInt": [{"TagInt": []}, 4]}},
                                                                           {"Constant":
                                                                                {"ConstantInt": [{"TagInt": []}, 4]}}]},
                                                                     {"RangeBounded":
                                                                          [{"Constant":
                                                                                {"ConstantInt": [{"TagInt": []}, 5]}},
                                                                           {"Constant":
                                                                                {"ConstantInt":
                                                                                     [{"TagInt": []}, 5]}}]}]]}]}}]]}}},
                                  {"Reference": [{"Name": "var1"}, null]}]}}]}},
            {"Reference": [{"Name": "var1"}, null]}, {"Reference": [{"Name": "var2"}, null]}]}]}