{"mInfo":
     {"finds": [], "givens": [], "enumGivens": [], "enumLettings": [], "lettings": [], "unnameds": [],
      "strategyQ": {"Auto": {"Interactive": []}}, "strategyA": {"Auto": {"Interactive": []}}, "trailCompact": [],
      "nameGenState": [], "nbExtraGivens": 0, "representations": [], "representationsTree": [], "originalDomains": [],
      "trailGeneralised": [], "trailVerbose": [], "trailRewrites": []},
 "mLanguage": {"language": {"Name": "Essence"}, "version": [1, 3]},
 "mStatements":
     [{"Declaration": {"Letting": [{"Name": "given1"}, {"Constant": {"ConstantAbstract": {"AbsLitRelation": []}}}]}},
      {"Declaration":
           {"Letting":
                [{"Name": "given2"},
                 {"Constant":
                      {"ConstantAbstract":
                           {"AbsLitMSet":
                                [{"ConstantInt": [{"TagInt": []}, 2]}, {"ConstantInt": [{"TagInt": []}, 3]},
                                 {"ConstantInt": [{"TagInt": []}, 3]}, {"ConstantInt": [{"TagInt": []}, 3]},
                                 {"ConstantInt": [{"TagInt": []}, 5]}]}}}]}},
      {"Declaration":
           {"Letting":
                [{"Name": "given3"},
                 {"Constant":
                      {"ConstantAbstract":
                           {"AbsLitPartition": [[{"ConstantBool": false}, {"ConstantBool": true}]]}}}]}}]}