{"mInfo":
     {"finds": [], "givens": [], "enumGivens": [], "enumLettings": [], "lettings": [], "unnameds": [],
      "strategyQ": {"Auto": {"Interactive": []}}, "strategyA": {"Auto": {"Interactive": []}}, "trailCompact": [],
      "nameGenState": [], "nbExtraGivens": 0, "representations": [], "representationsTree": [], "originalDomains": [],
      "trailGeneralised": [], "trailVerbose": [], "trailRewrites": []},
 "mLanguage": {"language": {"Name": "Essence"}, "version": [1, 3]},
 "mStatements":
     [{"Declaration":
           {"FindOrGiven":
                ["Find", {"Name": "var1"},
                 {"DomainSet":
                      [[], {"SizeAttr_None": []},
                       {"DomainInt":
                            [{"TagInt": []},
                             [{"RangeSingle": {"Constant": {"ConstantInt": [{"TagInt": []}, 5]}}},
                              {"RangeSingle": {"Constant": {"ConstantInt": [{"TagInt": []}, 0]}}}]]}]}]}},
      {"SuchThat":
           [{"Op":
                 {"MkOpEq":
                      [{"AbstractLiteral":
                            {"AbsLitMatrix":
                                 [{"DomainInt":
                                       [{"TagInt": []},
                                        [{"RangeSingle": {"Constant": {"ConstantInt": [{"TagInt": []}, 5]}}},
                                         {"RangeSingle":
                                              {"Op":
                                                   {"MkOpNegate":
                                                        {"Constant": {"ConstantInt": [{"TagInt": []}, 4]}}}}}]]},
                                  [{"AbstractLiteral": {"AbsLitSet": [{"Reference": [{"Name": "var1"}, null]}]}}]]}},
                       {"AbstractLiteral":
                            {"AbsLitMatrix":
                                 [{"DomainInt":
                                       [{"TagInt": []},
                                        [{"RangeSingle":
                                              {"Op":
                                                   {"MkOpNegate":
                                                        {"Constant": {"ConstantInt": [{"TagInt": []}, 2]}}}}}]]},
                                  [{"AbstractLiteral":
                                        {"AbsLitSet": [{"Reference": [{"Name": "var1"}, null]}]}}]]}}]}}]}]}