Error: Enumerated value defined multiple times: A
