{"mInfo":
     {"finds": [], "givens": [], "enumGivens": [], "enumLettings": [], "lettings": [], "unnameds": [],
      "strategyQ": {"Auto": {"Interactive": []}}, "strategyA": {"Auto": {"Interactive": []}}, "trailCompact": [],
      "trailVerbose": [], "trailRewrites": [], "nameGenState": [], "nbExtraGivens": 0, "representations": [],
      "representationsTree": [], "originalDomains": [], "trailGeneralised": []},
 "mLanguage": {"language": {"Name": "Essence"}, "version": [1, 3]},
 "mStatements":
     [{"Declaration": {"FindOrGiven": ["Find", {"Name": "var1"}, {"DomainBool": []}]}},
      {"Declaration": {"FindOrGiven": ["Find", {"Name": "var2"}, {"DomainBool": []}]}},
      {"SuchThat":
           [{"Op":
                 {"MkOpSupset":
                      [{"AbstractLiteral":
                            {"AbsLitMSet":
                                 [{"AbstractLiteral":
                                       {"AbsLitMatrix":
                                            [{"DomainInt":
                                                  [{"TagInt": []},
                                                   [{"RangeSingle": {"Constant": {"ConstantInt": [{"TagInt": []}, 3]}}},
                                                    {"RangeBounded":
                                                         [{"Constant": {"ConstantInt": [{"TagInt": []}, 4]}},
                                                          {"Constant": {"ConstantInt": [{"TagInt": []}, 4]}}]}]]},
                                             [{"Reference": [{"Name": "var1"}, null]},
                                              {"Reference": [{"Name": "var1"}, null]}]]}},
                                  {"AbstractLiteral":
                                       {"AbsLitMatrix":
                                            [{"DomainInt":
                                                  [{"TagInt": []},
                                                   [{"RangeSingle": {"Constant": {"ConstantInt": [{"TagInt": []}, 1]}}},
                                                    {"RangeBounded":
                                                         [{"Constant": {"ConstantInt": [{"TagInt": []}, 8]}},
                                                          {"Constant": {"ConstantInt": [{"TagInt": []}, 9]}}]},
                                                    {"RangeBounded":
                                                         [{"Constant": {"ConstantInt": [{"TagInt": []}, 5]}},
                                                          {"Constant": {"ConstantInt": [{"TagInt": []}, 6]}}]}]]},
                                             [{"Reference": [{"Name": "var2"}, null]},
                                              {"Reference": [{"Name": "var1"}, null]},
                                              {"Reference": [{"Name": "var1"}, null]},
                                              {"Reference": [{"Name": "var2"}, null]},
                                              {"Reference": [{"Name": "var1"}, null]}]]}}]}},
                       {"AbstractLiteral":
                            {"AbsLitMSet":
                                 [{"AbstractLiteral":
                                       {"AbsLitMatrix":
                                            [{"DomainInt":
                                                  [{"TagInt": []},
                                                   [{"RangeBounded":
                                                         [{"Constant": {"ConstantInt": [{"TagInt": []}, 1]}},
                                                          {"Constant": {"ConstantInt": [{"TagInt": []}, 2]}}]}]]},
                                             [{"Reference": [{"Name": "var2"}, null]},
                                              {"Reference": [{"Name": "var2"}, null]}]]}},
                                  {"Typed":
                                       [{"Constant":
                                             {"ConstantAbstract":
                                                  {"AbsLitMatrix":
                                                       [{"DomainInt":
                                                             [{"TagInt": []},
                                                              [{"RangeBounded":
                                                                    [{"ConstantInt": [{"TagInt": []}, 1]},
                                                                     {"ConstantInt": [{"TagInt": []}, 0]}]}]]},
                                                        []]}}},
                                        {"TypeMatrix": [{"TypeInt": {"TagInt": []}}, {"TypeBool": []}]}]},
                                  {"AbstractLiteral":
                                       {"AbsLitMatrix":
                                            [{"DomainInt":
                                                  [{"TagInt": []},
                                                   [{"RangeBounded":
                                                         [{"Constant": {"ConstantInt": [{"TagInt": []}, 1]}},
                                                          {"Constant": {"ConstantInt": [{"TagInt": []}, 1]}}]}]]},
                                             [{"Reference": [{"Name": "var2"}, null]}]]}}]}}]}},
            {"Op": {"MkOpLeq": [{"Constant": {"ConstantBool": false}}, {"Reference": [{"Name": "var1"}, null]}]}},
            {"Op":
                 {"MkOpImage":
                      [{"AbstractLiteral":
                            {"AbsLitFunction":
                                 [[{"Constant":
                                        {"ConstantAbstract":
                                             {"AbsLitPartition":
                                                  [[{"ConstantBool": false}],
                                                   [{"ConstantBool": true}, {"ConstantBool": false}]]}}},
                                   {"Op": {"MkOpNot": {"Constant": {"ConstantBool": false}}}}],
                                  [{"Constant":
                                        {"ConstantAbstract":
                                             {"AbsLitPartition":
                                                  [[{"ConstantBool": true}],
                                                   [{"ConstantBool": true}, {"ConstantBool": false},
                                                    {"ConstantBool": true}, {"ConstantBool": false}],
                                                   [{"ConstantBool": false}, {"ConstantBool": false}]]}}},
                                   {"Op": {"MkOpNot": {"Constant": {"ConstantBool": false}}}}],
                                  [{"Constant":
                                        {"ConstantAbstract":
                                             {"AbsLitPartition":
                                                  [[{"ConstantBool": false}],
                                                   [{"ConstantBool": true}, {"ConstantBool": false},
                                                    {"ConstantBool": false}, {"ConstantBool": false}],
                                                   [{"ConstantBool": true}, {"ConstantBool": false}],
                                                   [{"ConstantBool": true}]]}}},
                                   {"Op":
                                        {"MkOpEq":
                                             [{"Constant": {"ConstantBool": true}},
                                              {"Constant": {"ConstantBool": false}}]}}],
                                  [{"Constant":
                                        {"ConstantAbstract":
                                             {"AbsLitPartition":
                                                  [[{"ConstantBool": false}],
                                                   [{"ConstantBool": true}, {"ConstantBool": false}],
                                                   [{"ConstantBool": true}],
                                                   [{"ConstantBool": true}, {"ConstantBool": true}],
                                                   [{"ConstantBool": false}, {"ConstantBool": false},
                                                    {"ConstantBool": false}]]}}},
                                   {"Constant": {"ConstantBool": true}}]]}},
                       {"Op":
                            {"MkOpMinus":
                                 [{"Constant":
                                       {"ConstantAbstract":
                                            {"AbsLitPartition":
                                                 [[{"ConstantBool": true}, {"ConstantBool": false},
                                                   {"ConstantBool": true}]]}}},
                                  {"Typed":
                                       [{"Constant": {"ConstantAbstract": {"AbsLitPartition": []}}},
                                        {"TypePartition": {"TypeBool": []}}]}]}}]}},
            {"Op":
                 {"MkOpImage":
                      [{"AbstractLiteral":
                            {"AbsLitFunction":
                                 [[{"Constant":
                                        {"ConstantAbstract":
                                             {"AbsLitFunction":
                                                  [[{"ConstantBool": false}, {"ConstantBool": false}],
                                                   [{"ConstantBool": false}, {"ConstantBool": true}],
                                                   [{"ConstantBool": true}, {"ConstantBool": true}],
                                                   [{"ConstantBool": true}, {"ConstantBool": true}]]}}},
                                   {"Constant": {"ConstantBool": true}}],
                                  [{"Constant":
                                        {"ConstantAbstract":
                                             {"AbsLitFunction":
                                                  [[{"ConstantBool": true}, {"ConstantBool": false}],
                                                   [{"ConstantBool": true}, {"ConstantBool": true}]]}}},
                                   {"Op":
                                        {"MkOpIff":
                                             [{"Constant": {"ConstantBool": false}},
                                              {"Constant": {"ConstantBool": true}}]}}]]}},
                       {"AbstractLiteral":
                            {"AbsLitFunction":
                                 [[{"Op":
                                        {"MkOpLeq":
                                             [{"Constant": {"ConstantBool": true}},
                                              {"Constant": {"ConstantBool": true}}]}},
                                   {"Op":
                                        {"MkOpEq":
                                             [{"Constant": {"ConstantBool": false}},
                                              {"Constant": {"ConstantBool": true}}]}}],
                                  [{"Op":
                                        {"MkOpIff":
                                             [{"Constant": {"ConstantBool": false}},
                                              {"Constant": {"ConstantBool": true}}]}},
                                   {"Op":
                                        {"MkOpEq":
                                             [{"Constant": {"ConstantBool": true}},
                                              {"Constant": {"ConstantBool": false}}]}}]]}}]}},
            {"Op":
                 {"MkOpGt":
                      [{"Op":
                            {"MkOpSupsetEq":
                                 [{"Typed":
                                       [{"Constant": {"ConstantAbstract": {"AbsLitSet": []}}},
                                        {"TypeSet": {"TypeBool": []}}]},
                                  {"AbstractLiteral": {"AbsLitSet": [{"Reference": [{"Name": "var2"}, null]}]}}]}},
                       {"Op":
                            {"MkOpSupsetEq":
                                 [{"AbstractLiteral": {"AbsLitMSet": [{"Reference": [{"Name": "var1"}, null]}]}},
                                  {"AbstractLiteral":
                                       {"AbsLitMSet":
                                            [{"Reference": [{"Name": "var1"}, null]},
                                             {"Reference": [{"Name": "var1"}, null]},
                                             {"Reference": [{"Name": "var2"}, null]}]}}]}}]}}]}]}