Error:
    Undefined reference: q15
    Bindings in context:
        q62: DeclNoRepr (quantified q62: bool)
        q7_Function1DPartial_Flags: DeclNoRepr (quantified q7_Function1DPartial_Flags: matrix indexed by [bool] of bool)
        aux4_ExplicitVarSizeWithFlags_Values: DeclNoRepr (find aux4_ExplicitVarSizeWithFlags_Values: matrix indexed by [matrix indexed by [bool] of bool,
                                                                                                                        int(1..2)] of bool)
        aux4_ExplicitVarSizeWithFlags_Flags: DeclNoRepr (find aux4_ExplicitVarSizeWithFlags_Flags: matrix indexed by [matrix indexed by [bool] of bool,
                                                                                                                      int(1..2)] of bool)
        aux3_ExplicitVarSizeWithFlags_Values: DeclNoRepr (find aux3_ExplicitVarSizeWithFlags_Values: matrix indexed by [matrix indexed by [bool] of bool,
                                                                                                                        int(1..2)] of bool)
        aux3_ExplicitVarSizeWithFlags_Flags: DeclNoRepr (find aux3_ExplicitVarSizeWithFlags_Flags: matrix indexed by [matrix indexed by [bool] of bool,
                                                                                                                      int(1..2)] of bool)
        aux2_ExplicitVarSizeWithFlags_Values: DeclNoRepr (find aux2_ExplicitVarSizeWithFlags_Values: matrix indexed by [int(1..31),
                                                                                                                        int(1..2)] of bool)
        aux2_ExplicitVarSizeWithFlags_Flags: DeclNoRepr (find aux2_ExplicitVarSizeWithFlags_Flags: matrix indexed by [int(1..31),
                                                                                                                      int(1..2)] of bool)
        aux1_ExplicitVarSizeWithMarker_Values: DeclNoRepr (find aux1_ExplicitVarSizeWithMarker_Values: matrix indexed by [int(1..31),
                                                                                                                          int(1..2)] of bool)
        aux1_ExplicitVarSizeWithMarker_Marker: DeclNoRepr (find aux1_ExplicitVarSizeWithMarker_Marker: matrix indexed by [int(1..31)] of int(0..2))
        var2_1_Function1DPartial_Values: DeclNoRepr (find var2_1_Function1DPartial_Values: matrix indexed by [bool] of bool)
        var2_1_Function1DPartial_Flags: DeclNoRepr (find var2_1_Function1DPartial_Flags: matrix indexed by [bool] of bool)
        var1_FunctionAsRelation_RelationAsSet_ExplicitVarSizeWithMarker_Values_2: DeclNoRepr (find var1_FunctionAsRelation_RelationAsSet_ExplicitVarSizeWithMarker_Values_2: matrix indexed by [int(1..32)] of bool)
        var1_FunctionAsRelation_RelationAsSet_ExplicitVarSizeWithMarker_Values_1_Function1DPartial_Values: DeclNoRepr (find var1_FunctionAsRelation_RelationAsSet_ExplicitVarSizeWithMarker_Values_1_Function1DPartial_Values: matrix indexed by [int(1..32),
                                                                                                                                                                                                                                                  bool] of int(4,
                                                                                                                                                                                                                                                               -4))
        var1_FunctionAsRelation_RelationAsSet_ExplicitVarSizeWithMarker_Values_1_Function1DPartial_Flags: DeclNoRepr (find var1_FunctionAsRelation_RelationAsSet_ExplicitVarSizeWithMarker_Values_1_Function1DPartial_Flags: matrix indexed by [int(1..32),
                                                                                                                                                                                                                                                bool] of bool)
        var1_FunctionAsRelation_RelationAsSet_ExplicitVarSizeWithMarker_Marker: DeclNoRepr (find var1_FunctionAsRelation_RelationAsSet_ExplicitVarSizeWithMarker_Marker: int(0..32))