{"mInfo":
     {"finds": [], "givens": [], "enumGivens": [], "enumLettings": [], "lettings": [], "unnameds": [],
      "strategyQ": {"Auto": {"Interactive": []}}, "strategyA": {"Auto": {"Interactive": []}}, "trailCompact": [],
      "nameGenState": [], "nbExtraGivens": 0, "representations": [], "representationsTree": [], "originalDomains": [],
      "trailGeneralised": [], "trailVerbose": [], "trailRewrites": []},
 "mLanguage": {"language": {"Name": "Essence"}, "version": [1, 3]},
 "mStatements":
     [{"Declaration":
           {"FindOrGiven":
                ["Find", {"Name": "var1"},
                 {"DomainInt":
                      [{"TagInt": []},
                       [{"RangeSingle": {"Constant": {"ConstantInt": [{"TagInt": []}, 0]}}},
                        {"RangeSingle": {"Constant": {"ConstantInt": [{"TagInt": []}, 0]}}}]]}]}},
      {"SuchThat":
           [{"Op":
                 {"MkOpImage":
                      [{"AbstractLiteral":
                            {"AbsLitFunction":
                                 [[{"AbstractLiteral":
                                        {"AbsLitMatrix":
                                             [{"DomainInt":
                                                   [{"TagInt": []},
                                                    [{"RangeBounded":
                                                          [{"Constant": {"ConstantInt": [{"TagInt": []}, 1]}},
                                                           {"Constant": {"ConstantInt": [{"TagInt": []}, 1]}}]}]]},
                                              [{"AbstractLiteral":
                                                    {"AbsLitSet":
                                                         [{"Constant":
                                                               {"ConstantAbstract":
                                                                    {"AbsLitMSet":
                                                                         [{"ConstantBool": false},
                                                                          {"ConstantBool": false}]}}},
                                                          {"Typed":
                                                               [{"Constant": {"ConstantAbstract": {"AbsLitMSet": []}}},
                                                                {"TypeMSet": {"TypeBool": []}}]}]}}]]}},
                                   {"Constant": {"ConstantBool": false}}]]}},
                       {"Comprehension":
                            [{"AbstractLiteral":
                                  {"AbsLitSet":
                                       [{"Constant": {"ConstantAbstract": {"AbsLitMSet": [{"ConstantBool": true}]}}},
                                        {"Typed":
                                             [{"Constant": {"ConstantAbstract": {"AbsLitMSet": []}}},
                                              {"TypeMSet": {"TypeBool": []}}]}]}},
                             [{"Generator":
                                   {"GenDomainNoRepr":
                                        [{"Single": {"Name": "l_2"}},
                                         {"DomainSet":
                                              [[], {"SizeAttr_MinSize": {"Reference": [{"Name": "var1"}, null]}},
                                               {"DomainMSet":
                                                    [[],
                                                     [{"SizeAttr_MinMaxSize":
                                                           [{"Constant": {"ConstantInt": [{"TagInt": []}, 2]}},
                                                            {"Constant": {"ConstantInt": [{"TagInt": []}, 3]}}]},
                                                      {"OccurAttr_MinOccur":
                                                           {"Op":
                                                                {"MkOpPow":
                                                                     [{"Reference": [{"Name": "var1"}, null]},
                                                                      {"Reference": [{"Name": "var1"}, null]}]}}}],
                                                     {"DomainBool": []}]}]}]}},
                              {"Generator":
                                   {"GenDomainNoRepr":
                                        [{"Single": {"Name": "l_3"}},
                                         {"DomainSet":
                                              [[], {"SizeAttr_None": []},
                                               {"DomainMSet":
                                                    [[],
                                                     [{"SizeAttr_MinMaxSize":
                                                           [{"Constant": {"ConstantInt": [{"TagInt": []}, 1]}},
                                                            {"Constant": {"ConstantInt": [{"TagInt": []}, 2]}}]},
                                                      {"OccurAttr_MaxOccur":
                                                           {"Op":
                                                                {"MkOpMod":
                                                                     [{"Reference": [{"Name": "var1"}, null]},
                                                                      {"Reference": [{"Name": "var1"}, null]}]}}}],
                                                     {"DomainBool": []}]}]}]}}]]}]}}]}]}