Generating models for 387.essence
Generated models: model.eprime
Saved under: conjure-output
Savile Row: conjure-output/model.eprime
Running minion for domain filtering.
Running solver: minion
No solutions found.
