{"mInfo":
     {"finds": [], "givens": [], "enumGivens": [], "enumLettings": [], "lettings": [], "unnameds": [],
      "strategyQ": {"Auto": {"Interactive": []}}, "strategyA": {"Auto": {"Interactive": []}}, "trailCompact": [],
      "nameGenState": [], "nbExtraGivens": 0, "representations": [], "representationsTree": [], "originalDomains": [],
      "trailGeneralised": [], "trailVerbose": [], "trailRewrites": []},
 "mLanguage": {"language": {"Name": "Essence"}, "version": [1, 3]},
 "mStatements":
     [{"Declaration":
           {"FindOrGiven":
                ["Find", {"Name": "var1"},
                 {"DomainSet":
                      [[], {"SizeAttr_None": []}, {"DomainSet": [[], {"SizeAttr_None": []}, {"DomainBool": []}]}]}]}},
      {"SuchThat":
           [{"Op":
                 {"MkOpAnd":
                      {"Comprehension":
                           [{"Op":
                                 {"MkOpImply":
                                      [{"Op":
                                            {"MkOpSupsetEq":
                                                 [{"Reference": [{"Name": "var1"}, null]},
                                                  {"Reference": [{"Name": "var1"}, null]}]}},
                                       {"Op":
                                            {"MkOpIn":
                                                 [{"Op":
                                                       {"MkOpEq":
                                                            [{"Constant": {"ConstantBool": true}},
                                                             {"Constant": {"ConstantBool": true}}]}},
                                                  {"Constant":
                                                       {"ConstantAbstract":
                                                            {"AbsLitSet": [{"ConstantBool": true}]}}}]}}]}},
                            [{"Generator":
                                  {"GenInExpr":
                                       [{"Single": {"Name": "q_2"}}, {"Reference": [{"Name": "var1"}, null]}]}}]]}}},
            {"Op":
                 {"MkOpEq":
                      [{"AbstractLiteral":
                            {"AbsLitPartition":
                                 [[{"Constant":
                                        {"ConstantAbstract":
                                             {"AbsLitTuple":
                                                  [{"ConstantAbstract":
                                                        {"AbsLitFunction":
                                                             [[{"ConstantInt": [{"TagInt": []}, -4]},
                                                               {"ConstantBool": true}]]}},
                                                   {"ConstantAbstract":
                                                        {"AbsLitMSet": [{"ConstantInt": [{"TagInt": []}, 6]}]}}]}}},
                                   {"AbstractLiteral":
                                        {"AbsLitTuple":
                                             [{"Constant":
                                                   {"ConstantAbstract":
                                                        {"AbsLitFunction":
                                                             [[{"ConstantInt": [{"TagInt": []}, 5]},
                                                               {"ConstantBool": true}],
                                                              [{"ConstantInt": [{"TagInt": []}, 1]},
                                                               {"ConstantBool": false}]]}}},
                                              {"Typed":
                                                   [{"Constant": {"ConstantAbstract": {"AbsLitMSet": []}}},
                                                    {"TypeMSet": {"TypeInt": {"TagInt": []}}}]}]}}]]}},
                       {"AbstractLiteral":
                            {"AbsLitPartition":
                                 [[{"Constant":
                                        {"ConstantAbstract":
                                             {"AbsLitTuple":
                                                  [{"ConstantAbstract":
                                                        {"AbsLitFunction":
                                                             [[{"ConstantInt": [{"TagInt": []}, 6]},
                                                               {"ConstantBool": true}],
                                                              [{"ConstantInt": [{"TagInt": []}, 10]},
                                                               {"ConstantBool": true}]]}},
                                                   {"ConstantAbstract":
                                                        {"AbsLitMSet": [{"ConstantInt": [{"TagInt": []}, -4]}]}}]}}},
                                   {"AbstractLiteral":
                                        {"AbsLitTuple":
                                             [{"Constant":
                                                   {"ConstantAbstract":
                                                        {"AbsLitFunction":
                                                             [[{"ConstantInt": [{"TagInt": []}, 3]},
                                                               {"ConstantBool": false}]]}}},
                                              {"Typed":
                                                   [{"Constant": {"ConstantAbstract": {"AbsLitMSet": []}}},
                                                    {"TypeMSet": {"TypeInt": {"TagInt": []}}}]}]}},
                                   {"Constant":
                                        {"ConstantAbstract":
                                             {"AbsLitTuple":
                                                  [{"ConstantAbstract":
                                                        {"AbsLitFunction":
                                                             [[{"ConstantInt": [{"TagInt": []}, 8]},
                                                               {"ConstantBool": false}]]}},
                                                   {"ConstantAbstract":
                                                        {"AbsLitMSet": [{"ConstantInt": [{"TagInt": []}, 4]}]}}]}}},
                                   {"AbstractLiteral":
                                        {"AbsLitTuple":
                                             [{"Constant":
                                                   {"ConstantAbstract":
                                                        {"AbsLitFunction":
                                                             [[{"ConstantInt": [{"TagInt": []}, -10]},
                                                               {"ConstantBool": true}]]}}},
                                              {"Typed":
                                                   [{"Constant": {"ConstantAbstract": {"AbsLitMSet": []}}},
                                                    {"TypeMSet": {"TypeInt": {"TagInt": []}}}]}]}}],
                                  [{"Constant":
                                        {"ConstantAbstract":
                                             {"AbsLitTuple":
                                                  [{"ConstantAbstract":
                                                        {"AbsLitFunction":
                                                             [[{"ConstantInt": [{"TagInt": []}, 6]},
                                                               {"ConstantBool": true}],
                                                              [{"ConstantInt": [{"TagInt": []}, 10]},
                                                               {"ConstantBool": false}]]}},
                                                   {"ConstantAbstract":
                                                        {"AbsLitMSet":
                                                             [{"ConstantInt": [{"TagInt": []}, -4]},
                                                              {"ConstantInt": [{"TagInt": []}, -10]}]}}]}}}]]}}]}},
            {"Op":
                 {"MkOpAnd":
                      {"Comprehension":
                           [{"Op":
                                 {"MkOpEq":
                                      [{"Typed":
                                            [{"Constant": {"ConstantAbstract": {"AbsLitMSet": []}}},
                                             {"TypeMSet": {"TypeTuple": [{"TypeBool": []}]}}]},
                                       {"Constant":
                                            {"ConstantAbstract":
                                                 {"AbsLitMSet":
                                                      [{"ConstantAbstract":
                                                            {"AbsLitTuple": [{"ConstantBool": true}]}}]}}}]}},
                            [{"Generator":
                                  {"GenDomainNoRepr":
                                       [{"Single": {"Name": "q_3"}},
                                        {"DomainSet":
                                             [[], {"SizeAttr_None": []},
                                              {"DomainSet": [[], {"SizeAttr_None": []}, {"DomainBool": []}]}]}]}},
                             {"Condition":
                                  {"Op":
                                       {"MkOpGeq":
                                            [{"Op":
                                                  {"MkOpMod":
                                                       [{"Op":
                                                             {"MkOpTwoBars":
                                                                  {"Constant":
                                                                       {"ConstantAbstract":
                                                                            {"AbsLitSet":
                                                                                 [{"ConstantBool": false}]}}}}},
                                                        {"Op":
                                                             {"MkOpTwoBars":
                                                                  {"Constant":
                                                                       {"ConstantAbstract":
                                                                            {"AbsLitPartition":
                                                                                 [[{"ConstantInt":
                                                                                        [{"TagInt": []}, 9]}],
                                                                                  [{"ConstantInt":
                                                                                        [{"TagInt": []}, -2]}]]}}}}}]}},
                                             {"Op":
                                                  {"MkOpTwoBars": {"Reference": [{"Name": "q_3"}, null]}}}]}}}]]}}}]}]}