{"mInfo":
     {"finds": [], "givens": [], "enumGivens": [], "enumLettings": [], "lettings": [], "unnameds": [],
      "strategyQ": {"Auto": {"Interactive": []}}, "strategyA": {"Auto": {"Interactive": []}}, "trailCompact": [],
      "nameGenState": [], "nbExtraGivens": 0, "representations": [], "representationsTree": [], "originalDomains": [],
      "trailGeneralised": [], "trailVerbose": [], "trailRewrites": []},
 "mLanguage": {"language": {"Name": "Essence"}, "version": [1, 3]},
 "mStatements":
     [{"Declaration":
           {"FindOrGiven":
                ["Find", {"Name": "var1"},
                 {"DomainMSet":
                      [[],
                       [{"SizeAttr_Size": {"Constant": {"ConstantInt": [{"TagInt": []}, 0]}}},
                        {"OccurAttr_MinOccur": {"Constant": {"ConstantInt": [{"TagInt": []}, 1]}}}],
                       {"DomainBool": []}]}]}},
      {"Declaration":
           {"FindOrGiven":
                ["Find", {"Name": "var2"},
                 {"DomainRelation":
                      [[], [{"SizeAttr_Size": {"Constant": {"ConstantInt": [{"TagInt": []}, 3]}}}, []],
                       [{"DomainBool": []}, {"DomainBool": []}]]}]}},
      {"Declaration": {"FindOrGiven": ["Find", {"Name": "var3"}, {"DomainBool": []}]}},
      {"SuchThat": [{"Reference": [{"Name": "var3"}, null]}]}]}