Generating models for permutation.essence
Generated models: model000001.eprime
Saved under: conjure-output
Savile Row: conjure-output/model000001.eprime
Running minion for domain filtering.
Running solver: minion
Copying solution to: permutation-000001.solution
Copying solution to: permutation-000002.solution
Copying solution to: permutation-000003.solution
Copying solution to: permutation-000004.solution
Copying solution to: permutation-000005.solution
Copying solution to: permutation-000006.solution
Copying solution to: permutation-000007.solution
Copying solution to: permutation-000008.solution
Copying solution to: permutation-000009.solution
language Essence 1.3

letting p be permutation((E1, E2), (E3, E4))
language Essence 1.3

letting p be permutation((E1, E2, E3, E4))
language Essence 1.3

letting p be permutation((E1, E2, E4, E3))
language Essence 1.3

letting p be permutation((E1, E3, E4, E2))
language Essence 1.3

letting p be permutation((E1, E3), (E2, E4))
language Essence 1.3

letting p be permutation((E1, E3, E2, E4))
language Essence 1.3

letting p be permutation((E1, E4, E3, E2))
language Essence 1.3

letting p be permutation((E1, E4, E2, E3))
language Essence 1.3

letting p be permutation((E1, E4), (E2, E3))
