{"mInfo":
     {"finds": [], "givens": [], "enumGivens": [], "enumLettings": [], "lettings": [], "unnameds": [],
      "strategyQ": {"Auto": {"Interactive": []}}, "strategyA": {"Auto": {"Interactive": []}}, "trailCompact": [],
      "nameGenState": [], "nbExtraGivens": 0, "representations": [], "representationsTree": [], "originalDomains": [],
      "trailGeneralised": [], "trailVerbose": [], "trailRewrites": []},
 "mLanguage": {"language": {"Name": "Essence"}, "version": [1, 3]},
 "mStatements":
     [{"Declaration":
           {"FindOrGiven":
                ["Find", {"Name": "name"},
                 {"DomainInt":
                      [{"TagInt": []},
                       [{"RangeBounded":
                             [{"Constant": {"ConstantInt": [{"TagInt": []}, 1]}},
                              {"Constant": {"ConstantInt": [{"TagInt": []}, 4]}}]}]]}]}},
      {"SearchOrder":
           [{"BranchingOn": {"Name": "name"}},
            {"Cut":
                 {"Op":
                      {"MkOpGt":
                           [{"Reference": [{"Name": "name"}, null]},
                            {"Constant": {"ConstantInt": [{"TagInt": []}, 1]}}]}}}]}]}