{"mInfo":
     {"finds": [], "givens": [], "enumGivens": [], "enumLettings": [], "lettings": [], "unnameds": [],
      "strategyQ": {"Auto": {"Interactive": []}}, "strategyA": {"Auto": {"Interactive": []}}, "trailCompact": [],
      "nameGenState": [], "nbExtraGivens": 0, "representations": [], "representationsTree": [], "originalDomains": [],
      "trailGeneralised": [], "trailVerbose": [], "trailRewrites": []},
 "mLanguage": {"language": {"Name": "Essence"}, "version": [1, 3]},
 "mStatements":
     [{"Declaration": {"FindOrGiven": ["Find", {"Name": "var1"}, {"DomainBool": []}]}},
      {"Declaration": {"FindOrGiven": ["Find", {"Name": "var2"}, {"DomainBool": []}]}},
      {"SuchThat":
           [{"Op":
                 {"MkOpSupset":
                      [{"AbstractLiteral":
                            {"AbsLitMSet":
                                 [{"AbstractLiteral":
                                       {"AbsLitMatrix":
                                            [{"DomainInt":
                                                  [{"TagInt": []},
                                                   [{"RangeSingle": {"Constant": {"ConstantInt": [{"TagInt": []}, 3]}}},
                                                    {"RangeBounded":
                                                         [{"Constant": {"ConstantInt": [{"TagInt": []}, 4]}},
                                                          {"Constant": {"ConstantInt": [{"TagInt": []}, 4]}}]}]]},
                                             [{"Reference": [{"Name": "var1"}, null]},
                                              {"Reference": [{"Name": "var1"}, null]}]]}}]}},
                       {"AbstractLiteral":
                            {"AbsLitMSet":
                                 [{"AbstractLiteral":
                                       {"AbsLitMatrix":
                                            [{"DomainInt":
                                                  [{"TagInt": []},
                                                   [{"RangeBounded":
                                                         [{"Constant": {"ConstantInt": [{"TagInt": []}, 1]}},
                                                          {"Constant": {"ConstantInt": [{"TagInt": []}, 2]}}]}]]},
                                             [{"Reference": [{"Name": "var2"}, null]},
                                              {"Reference": [{"Name": "var2"}, null]}]]}},
                                  {"Typed":
                                       [{"Constant":
                                             {"ConstantAbstract":
                                                  {"AbsLitMatrix":
                                                       [{"DomainInt":
                                                             [{"TagInt": []},
                                                              [{"RangeBounded":
                                                                    [{"ConstantInt": [{"TagInt": []}, 1]},
                                                                     {"ConstantInt": [{"TagInt": []}, 0]}]}]]},
                                                        []]}}},
                                        {"TypeMatrix": [{"TypeInt": {"TagInt": []}}, {"TypeBool": []}]}]}]}}]}}]}]}