Adding the following unnamed symmetry breaking constraints:
    such that
        and([quickPermutationOrder((x, y), [q1; int(1)])
                 | q1 : permutation of A])
