{"mInfo":
     {"finds": [], "givens": [], "enumGivens": [], "enumLettings": [], "lettings": [], "unnameds": [],
      "strategyQ": {"Auto": {"Interactive": []}}, "strategyA": {"Auto": {"Interactive": []}}, "trailCompact": [],
      "nameGenState": [], "nbExtraGivens": 0, "representations": [], "representationsTree": [], "originalDomains": [],
      "trailGeneralised": [], "trailVerbose": [], "trailRewrites": []},
 "mLanguage": {"language": {"Name": "ESSENCE'"}, "version": [1, 0]},
 "mStatements":
     [{"Declaration":
           {"FindOrGiven":
                ["Find", {"Name": "var1_Occurrence"},
                 {"DomainMatrix":
                      [{"DomainInt":
                            [{"TagInt": []},
                             [{"RangeSingle": {"Constant": {"ConstantInt": [{"TagInt": []}, 5]}}},
                              {"RangeBounded":
                                   [{"Constant": {"ConstantInt": [{"TagInt": []}, 1]}},
                                    {"Constant": {"ConstantInt": [{"TagInt": []}, 5]}}]}]]},
                       {"DomainBool": []}]}]}},
      {"Declaration":
           {"FindOrGiven":
                ["Find", {"Name": "var2_ExplicitVarSizeWithFlags_Flags"},
                 {"DomainMatrix":
                      [{"DomainInt":
                            [{"TagInt": []},
                             [{"RangeBounded":
                                   [{"Constant": {"ConstantInt": [{"TagInt": []}, 1]}},
                                    {"Constant": {"ConstantInt": [{"TagInt": []}, 0]}}]}]]},
                       {"DomainInt":
                            [{"TagInt": []},
                             [{"RangeBounded":
                                   [{"Constant": {"ConstantInt": [{"TagInt": []}, 0]}},
                                    {"Constant": {"ConstantInt": [{"TagInt": []}, 0]}}]}]]}]}]}},
      {"Declaration":
           {"FindOrGiven":
                ["Find", {"Name": "var2_ExplicitVarSizeWithFlags_Values"},
                 {"DomainMatrix":
                      [{"DomainInt":
                            [{"TagInt": []},
                             [{"RangeBounded":
                                   [{"Constant": {"ConstantInt": [{"TagInt": []}, 1]}},
                                    {"Constant": {"ConstantInt": [{"TagInt": []}, 0]}}]}]]},
                       {"DomainInt":
                            [{"TagInt": []},
                             [{"RangeSingle": {"Constant": {"ConstantInt": [{"TagInt": []}, 3]}}},
                              {"RangeSingle": {"Constant": {"ConstantInt": [{"TagInt": []}, 1]}}}]]}]}]}},
      {"SuchThat":
           [{"Op":
                 {"MkOpEq":
                      [{"Constant": {"ConstantInt": [{"TagInt": []}, 0]}},
                       {"Op":
                            {"MkOpSum":
                                 {"Comprehension":
                                      [{"Op":
                                            {"MkOpIndexing":
                                                 [{"Reference": [{"Name": "var1_Occurrence"}, null]},
                                                  {"Reference": [{"Name": "q1"}, null]}]}},
                                       [{"Generator":
                                             {"GenDomainNoRepr":
                                                  [{"Single": {"Name": "q1"}},
                                                   {"DomainInt":
                                                        [{"TagInt": []},
                                                         [{"RangeSingle":
                                                               {"Constant": {"ConstantInt": [{"TagInt": []}, 5]}}},
                                                          {"RangeBounded":
                                                               [{"Constant": {"ConstantInt": [{"TagInt": []}, 1]}},
                                                                {"Constant":
                                                                     {"ConstantInt":
                                                                          [{"TagInt": []}, 5]}}]}]]}]}}]]}}}]}}]}]}