{"mInfo":
     {"finds": [], "givens": [], "enumGivens": [], "enumLettings": [], "lettings": [], "unnameds": [],
      "strategyQ": {"Auto": {"Interactive": []}}, "strategyA": {"Auto": {"Interactive": []}}, "trailCompact": [],
      "nameGenState": [], "nbExtraGivens": 0, "representations": [], "representationsTree": [], "originalDomains": [],
      "trailGeneralised": [], "trailVerbose": [], "trailRewrites": []},
 "mLanguage": {"language": {"Name": "ESSENCE'"}, "version": [1, 0]},
 "mStatements":
     [{"Declaration": {"FindOrGiven": ["Find", {"Name": "var1_1"}, {"DomainBool": []}]}},
      {"Declaration": {"FindOrGiven": ["Find", {"Name": "var1_2"}, {"DomainBool": []}]}},
      {"Declaration": {"FindOrGiven": ["Find", {"Name": "var1_3"}, {"DomainBool": []}]}},
      {"Declaration": {"FindOrGiven": ["Find", {"Name": "var1_4"}, {"DomainBool": []}]}},
      {"Declaration":
           {"FindOrGiven":
                ["Find", {"Name": "var2_ExplicitVarSizeWithFlags_Flags"},
                 {"DomainMatrix":
                      [{"DomainInt":
                            [{"TagInt": []},
                             [{"RangeBounded":
                                   [{"Constant": {"ConstantInt": [{"TagInt": []}, 1]}},
                                    {"Constant": {"ConstantInt": [{"TagInt": []}, 0]}}]}]]},
                       {"DomainInt":
                            [{"TagInt": []},
                             [{"RangeBounded":
                                   [{"Constant": {"ConstantInt": [{"TagInt": []}, 0]}},
                                    {"Constant": {"ConstantInt": [{"TagInt": []}, 5]}}]}]]}]}]}},
      {"Declaration":
           {"FindOrGiven":
                ["Find", {"Name": "var2_ExplicitVarSizeWithFlags_Values"},
                 {"DomainMatrix":
                      [{"DomainInt":
                            [{"TagInt": []},
                             [{"RangeBounded":
                                   [{"Constant": {"ConstantInt": [{"TagInt": []}, 1]}},
                                    {"Constant": {"ConstantInt": [{"TagInt": []}, 0]}}]}]]},
                       {"DomainBool": []}]}]}},
      {"SuchThat": [{"Constant": {"ConstantBool": true}}]}]}